Archive member included to satisfy reference by file (symbol)

/Users/piotrwlazlo/Desktop/studia/4semestr/SystemyWbudowane/lpc17xx_xpr_bb_140609/Lib_CMSISv1p30_LPC17xx/Debug/libCMSISv1p30_LPC17xx.a(system_LPC17xx.o)
                              ./src/cr_startup_lpc17.o (SystemInit)
/Users/piotrwlazlo/Desktop/studia/4semestr/SystemyWbudowane/lpc17xx_xpr_bb_140609/Lib_EaBaseBoard/Debug/libLib_EaBaseBoard.a(oled.o)
                              ./src/easyweb.o (oled_init)
/Users/piotrwlazlo/Desktop/studia/4semestr/SystemyWbudowane/lpc17xx_xpr_bb_140609/Lib_EaBaseBoard/Debug/libLib_EaBaseBoard.a(font5x7.o)
                              /Users/piotrwlazlo/Desktop/studia/4semestr/SystemyWbudowane/lpc17xx_xpr_bb_140609/Lib_EaBaseBoard/Debug/libLib_EaBaseBoard.a(oled.o) (font5x7)
/Users/piotrwlazlo/Desktop/studia/4semestr/SystemyWbudowane/lpc17xx_xpr_bb_140609/Lib_MCU/Debug/libLib_MCU.a(lpc17xx_gpio.o)
                              /Users/piotrwlazlo/Desktop/studia/4semestr/SystemyWbudowane/lpc17xx_xpr_bb_140609/Lib_EaBaseBoard/Debug/libLib_EaBaseBoard.a(oled.o) (GPIO_SetDir)
/Users/piotrwlazlo/Desktop/studia/4semestr/SystemyWbudowane/lpc17xx_xpr_bb_140609/Lib_MCU/Debug/libLib_MCU.a(lpc17xx_pinsel.o)
                              ./src/easyweb.o (PINSEL_ConfigPin)
/Users/piotrwlazlo/Desktop/studia/4semestr/SystemyWbudowane/lpc17xx_xpr_bb_140609/Lib_MCU/Debug/libLib_MCU.a(lpc17xx_ssp.o)
                              ./src/easyweb.o (SSP_Init)
/Users/piotrwlazlo/Desktop/studia/4semestr/SystemyWbudowane/lpc17xx_xpr_bb_140609/Lib_MCU/Debug/libLib_MCU.a(lpc17xx_clkpwr.o)
                              /Users/piotrwlazlo/Desktop/studia/4semestr/SystemyWbudowane/lpc17xx_xpr_bb_140609/Lib_MCU/Debug/libLib_MCU.a(lpc17xx_ssp.o) (CLKPWR_GetPCLK)
/Users/piotrwlazlo/Desktop/studia/4semestr/SystemyWbudowane/lpc17xx_xpr_bb_140609/Lib_MCU/Debug/libLib_MCU.a(lpc17xx_libcfg_default.o)
                              /Users/piotrwlazlo/Desktop/studia/4semestr/SystemyWbudowane/lpc17xx_xpr_bb_140609/Lib_MCU/Debug/libLib_MCU.a(lpc17xx_ssp.o) (check_failed)
/Applications/MCUXpressoIDE_24.12.148/ide/plugins/com.nxp.mcuxpresso.tools.macosx_24.12.0.202407110909/tools/bin/../lib/gcc/arm-none-eabi/13.2.1/thumb/v7-m/nofp/libgcc.a(_aeabi_uldivmod.o)
                              /Users/piotrwlazlo/Desktop/studia/4semestr/SystemyWbudowane/lpc17xx_xpr_bb_140609/Lib_CMSISv1p30_LPC17xx/Debug/libCMSISv1p30_LPC17xx.a(system_LPC17xx.o) (__aeabi_uldivmod)
/Applications/MCUXpressoIDE_24.12.148/ide/plugins/com.nxp.mcuxpresso.tools.macosx_24.12.0.202407110909/tools/bin/../lib/gcc/arm-none-eabi/13.2.1/thumb/v7-m/nofp/libgcc.a(_udivmoddi4.o)
                              /Applications/MCUXpressoIDE_24.12.148/ide/plugins/com.nxp.mcuxpresso.tools.macosx_24.12.0.202407110909/tools/bin/../lib/gcc/arm-none-eabi/13.2.1/thumb/v7-m/nofp/libgcc.a(_aeabi_uldivmod.o) (__udivmoddi4)
/Applications/MCUXpressoIDE_24.12.148/ide/plugins/com.nxp.mcuxpresso.tools.macosx_24.12.0.202407110909/tools/bin/../lib/gcc/arm-none-eabi/13.2.1/thumb/v7-m/nofp/libgcc.a(_dvmd_tls.o)
                              /Applications/MCUXpressoIDE_24.12.148/ide/plugins/com.nxp.mcuxpresso.tools.macosx_24.12.0.202407110909/tools/bin/../lib/gcc/arm-none-eabi/13.2.1/thumb/v7-m/nofp/libgcc.a(_aeabi_uldivmod.o) (__aeabi_ldiv0)
/Applications/MCUXpressoIDE_24.12.148/ide/plugins/com.nxp.mcuxpresso.tools.macosx_24.12.0.202407110909/tools/bin/../lib/gcc/arm-none-eabi/13.2.1/../../../../arm-none-eabi/lib/thumb/v7-m/nofp/libc.a(libc_a-sprintf.o)
                              ./src/easyweb.o (sprintf)
/Applications/MCUXpressoIDE_24.12.148/ide/plugins/com.nxp.mcuxpresso.tools.macosx_24.12.0.202407110909/tools/bin/../lib/gcc/arm-none-eabi/13.2.1/../../../../arm-none-eabi/lib/thumb/v7-m/nofp/libc.a(libc_a-memcmp.o)
                              ./src/tcpip.o (memcmp)
/Applications/MCUXpressoIDE_24.12.148/ide/plugins/com.nxp.mcuxpresso.tools.macosx_24.12.0.202407110909/tools/bin/../lib/gcc/arm-none-eabi/13.2.1/../../../../arm-none-eabi/lib/thumb/v7-m/nofp/libc.a(libc_a-memset.o)
                              ./src/tcpip.o (memset)
/Applications/MCUXpressoIDE_24.12.148/ide/plugins/com.nxp.mcuxpresso.tools.macosx_24.12.0.202407110909/tools/bin/../lib/gcc/arm-none-eabi/13.2.1/../../../../arm-none-eabi/lib/thumb/v7-m/nofp/libc.a(libc_a-impure.o)
                              /Applications/MCUXpressoIDE_24.12.148/ide/plugins/com.nxp.mcuxpresso.tools.macosx_24.12.0.202407110909/tools/bin/../lib/gcc/arm-none-eabi/13.2.1/../../../../arm-none-eabi/lib/thumb/v7-m/nofp/libc.a(libc_a-sprintf.o) (_impure_ptr)
/Applications/MCUXpressoIDE_24.12.148/ide/plugins/com.nxp.mcuxpresso.tools.macosx_24.12.0.202407110909/tools/bin/../lib/gcc/arm-none-eabi/13.2.1/../../../../arm-none-eabi/lib/thumb/v7-m/nofp/libc.a(libc_a-memcpy.o)
                              ./src/easyweb.o (memcpy)
[...]
Memory Configuration

Name             Origin             Length             Attributes
MFlash512        0x00000000         0x00080000         xr
RamLoc32         0x10000000         0x00008000         xrw
RamAHB32         0x2007c000         0x00008000         xrw
*default*        0x00000000         0xffffffff

Linker script and memory map

LOAD ./src/cr_startup_lpc17.o
LOAD ./src/easyweb.o
LOAD ./src/ethmac.o
LOAD ./src/ew_systick.o
LOAD ./src/tcpip.o
LOAD /Users/piotrwlazlo/Desktop/studia/4semestr/SystemyWbudowane/lpc17xx_xpr_bb_140609/Lib_CMSISv1p30_LPC17xx/Debug/libCMSISv1p30_LPC17xx.a
LOAD /Users/piotrwlazlo/Desktop/studia/4semestr/SystemyWbudowane/lpc17xx_xpr_bb_140609/Lib_EaBaseBoard/Debug/libLib_EaBaseBoard.a
LOAD /Users/piotrwlazlo/Desktop/studia/4semestr/SystemyWbudowane/lpc17xx_xpr_bb_140609/Lib_MCU/Debug/libLib_MCU.a
START GROUP
LOAD /Applications/MCUXpressoIDE_24.12.148/ide/plugins/com.nxp.mcuxpresso.tools.macosx_24.12.0.202407110909/tools/bin/../lib/gcc/arm-none-eabi/13.2.1/thumb/v7-m/nofp/libgcc.a
LOAD /Applications/MCUXpressoIDE_24.12.148/ide/plugins/com.nxp.mcuxpresso.tools.macosx_24.12.0.202407110909/tools/bin/../lib/gcc/arm-none-eabi/13.2.1/../../../../arm-none-eabi/lib/thumb/v7-m/nofp/libc.a
LOAD /Applications/MCUXpressoIDE_24.12.148/ide/plugins/com.nxp.mcuxpresso.tools.macosx_24.12.0.202407110909/tools/bin/../lib/gcc/arm-none-eabi/13.2.1/../../../../arm-none-eabi/lib/thumb/v7-m/nofp/libm.a
LOAD /Applications/MCUXpressoIDE_24.12.148/ide/plugins/com.nxp.mcuxpresso.tools.macosx_24.12.0.202407110909/tools/bin/../lib/gcc/arm-none-eabi/13.2.1/../../../../arm-none-eabi/lib/thumb/v7-m/nofp/libcr_newlib_semihost.a
END GROUP
                0x00000000                        __base_MFlash512 = 0x0
                0x00000000                        __base_Flash = 0x0
                0x00080000                        __top_MFlash512 = 0x80000
                0x00080000                        __top_Flash = 0x80000
                0x10000000                        __base_RamLoc32 = 0x10000000
                0x10000000                        __base_RAM = 0x10000000
                0x10008000                        __top_RamLoc32 = 0x10008000
                0x10008000                        __top_RAM = 0x10008000
                0x2007c000                        __base_RamAHB32 = 0x2007c000
                0x2007c000                        __base_RAM2 = 0x2007c000
                0x20084000                        __top_RamAHB32 = 0x20084000
                0x20084000                        __top_RAM2 = 0x20084000

.text           0x00000000     0xac54
 FILL mask 0xff
                0x00000000                        __vectors_start__ = ABSOLUTE (.)
 *(.isr_vector)
 .isr_vector    0x00000000       0xcc ./src/cr_startup_lpc17.o
                0x00000000                g_pfnVectors
                0x000000cc                        . = ALIGN (0x4)
                0x000000cc                        __section_table_start = .
                0x000000cc                        __data_section_table = .
                0x000000cc        0x4 LONG 0xac5c LOADADDR (.data)
                0x000000d0        0x4 LONG 0x10000000 ADDR (.data)
                0x000000d4        0x4 LONG 0x6b0 SIZEOF (.data)
                0x000000d8        0x4 LONG 0xac5c LOADADDR (.data_RAM2)
                0x000000dc        0x4 LONG 0x2007c000 ADDR (.data_RAM2)
                0x000000e0        0x4 LONG 0x0 SIZEOF (.data_RAM2)
                0x000000e4                        __data_section_table_end = .
                0x000000e4                        __bss_section_table = .
                0x000000e4        0x4 LONG 0x100006b0 ADDR (.bss)
                0x000000e8        0x4 LONG 0x9ac SIZEOF (.bss)
                0x000000ec        0x4 LONG 0x2007c000 ADDR (.bss_RAM2)
                0x000000f0        0x4 LONG 0x0 SIZEOF (.bss_RAM2)
                0x000000f4                        __bss_section_table_end = .
                0x000000f4                        __section_table_end = .
 *(.after_vectors*)
 *(.text*)
 .text.ResetISR
                0x000000f4       0x5c ./src/cr_startup_lpc17.o
                0x000000f4                ResetISR
 .text.NMI_Handler
                0x00000150        0x8 ./src/cr_startup_lpc17.o
                0x00000150                NMI_Handler
 .text.HardFault_Handler
                0x00000158        0x8 ./src/cr_startup_lpc17.o
                0x00000158                HardFault_Handler
 .text.MemManage_Handler
                0x00000160        0x8 ./src/cr_startup_lpc17.o
                0x00000160                MemManage_Handler
 .text.BusFault_Handler
                0x00000168        0x8 ./src/cr_startup_lpc17.o
                0x00000168                BusFault_Handler
 .text.UsageFault_Handler
                0x00000170        0x8 ./src/cr_startup_lpc17.o
                0x00000170                UsageFault_Handler
 .text.SVCall_Handler
                0x00000178        0x8 ./src/cr_startup_lpc17.o
                0x00000178                SVCall_Handler
 .text.DebugMon_Handler
                0x00000180        0x8 ./src/cr_startup_lpc17.o
                0x00000180                DebugMon_Handler
 .text.PendSV_Handler
                0x00000188        0x8 ./src/cr_startup_lpc17.o
                0x00000188                PendSV_Handler
 .text.IntDefaultHandler
                0x00000190        0x8 ./src/cr_startup_lpc17.o
                0x00000190                ENET_IRQHandler
                0x00000190                RIT_IRQHandler
                0x00000190                I2C0_IRQHandler
                0x00000190                USBActivity_IRQHandler
                0x00000190                PWM1_IRQHandler
                0x00000190                I2C1_IRQHandler
                0x00000190                EINT2_IRQHandler
                0x00000190                UART1_IRQHandler
                0x00000190                EINT3_IRQHandler
                0x00000190                CANActivity_IRQHandler
                0x00000190                TIMER3_IRQHandler
                0x00000190                UART0_IRQHandler
                0x00000190                IntDefaultHandler
                0x00000190                PLL0_IRQHandler
                0x00000190                CAN_IRQHandler
                0x00000190                PLL1_IRQHandler
                0x00000190                SSP0_IRQHandler
                0x00000190                I2S_IRQHandler
                0x00000190                I2C2_IRQHandler
                0x00000190                RTC_IRQHandler
                0x00000190                TIMER0_IRQHandler
                0x00000190                SPI_IRQHandler
                0x00000190                EINT1_IRQHandler
                0x00000190                TIMER1_IRQHandler
                0x00000190                UART2_IRQHandler
                0x00000190                ADC_IRQHandler
                0x00000190                SSP1_IRQHandler
                0x00000190                USB_IRQHandler
                0x00000190                BOD_IRQHandler
                0x00000190                WDT_IRQHandler
                0x00000190                QEI_IRQHandler
                0x00000190                EINT0_IRQHandler
                0x00000190                DMA_IRQHandler
                0x00000190                UART3_IRQHandler
                0x00000190                MCPWM_IRQHandler
                0x00000190                TIMER2_IRQHandler
 .text.init_ssp
                0x00000198       0x78 ./src/easyweb.o
 .text.main     0x00000210       0x9c ./src/easyweb.o
                0x00000210                main
 .text.HTTPServer
                0x000002ac      0x148 ./src/easyweb.o
                0x000002ac                HTTPServer
 .text.GetAD7Val
                0x000003f4       0x44 ./src/easyweb.o
                0x000003f4                GetAD7Val
 .text.InsertDynamicValues
                0x00000438       0xec ./src/easyweb.o
                0x00000438                InsertDynamicValues
 .text.WriteToPHY
                0x00000524       0x4e ./src/ethmac.o
                0x00000524                WriteToPHY
 .text.ReadFromPHY
                0x00000572       0x5e ./src/ethmac.o
                0x00000572                ReadFromPHY
 .text.Init_EthMAC
                0x000005d0      0x424 ./src/ethmac.o
                0x000005d0                Init_EthMAC
 .text.WriteFrame_EthMAC
                0x000009f4       0x28 ./src/ethmac.o
                0x000009f4                WriteFrame_EthMAC
 .text.CopyToFrame_EthMAC
                0x00000a1c       0x62 ./src/ethmac.o
                0x00000a1c                CopyToFrame_EthMAC
 *fill*         0x00000a7e        0x2 ff
 .text.ReadFrame_EthMAC
                0x00000a80       0x1c ./src/ethmac.o
                0x00000a80                ReadFrame_EthMAC
 .text.ReadFrameBE_EthMAC
                0x00000a9c       0x2c ./src/ethmac.o
                0x00000a9c                ReadFrameBE_EthMAC
 .text.CopyFromFrame_EthMAC
                0x00000ac8       0x46 ./src/ethmac.o
                0x00000ac8                CopyFromFrame_EthMAC
 .text.DummyReadFrame_EthMAC
                0x00000b0e       0x26 ./src/ethmac.o
                0x00000b0e                DummyReadFrame_EthMAC
 .text.RequestSend
                0x00000b34       0x4c ./src/ethmac.o
                0x00000b34                RequestSend
 .text.Rdy4Tx   0x00000b80        0xe ./src/ethmac.o
                0x00000b80                Rdy4Tx
 *fill*         0x00000b8e        0x2 ff
 .text.StartReadingFrame
                0x00000b90       0x50 ./src/ethmac.o
                0x00000b90                StartReadingFrame
 .text.StopReadingFrame
                0x00000be0       0x34 ./src/ethmac.o
                0x00000be0                StopReadingFrame
 .text.CheckIfFrameReceived
                0x00000c14       0x26 ./src/ethmac.o
                0x00000c14                CheckIfFrameReceived
 *fill*         0x00000c3a        0x2 ff
 .text.NVIC_SetPriority
                0x00000c3c       0x54 ./src/ew_systick.o
 .text.SysTick_Config
                0x00000c90       0x44 ./src/ew_systick.o
 .text.SysTick_Handler
                0x00000cd4       0x54 ./src/ew_systick.o
                0x00000cd4                SysTick_Handler
 .text.Start_SysTick10ms
                0x00000d28       0x2c ./src/ew_systick.o
                0x00000d28                Start_SysTick10ms
 .text.TCPLowLevelInit
                0x00000d54       0x44 ./src/tcpip.o
                0x00000d54                TCPLowLevelInit
 .text.TCPPassiveOpen
                0x00000d98       0x3c ./src/tcpip.o
                0x00000d98                TCPPassiveOpen
 .text.TCPClose
                0x00000dd4       0x54 ./src/tcpip.o
                0x00000dd4                TCPClose
 .text.TCPReleaseRxBuffer
                0x00000e28       0x20 ./src/tcpip.o
                0x00000e28                TCPReleaseRxBuffer
 .text.TCPTransmitTxBuffer
                0x00000e48       0x84 ./src/tcpip.o
                0x00000e48                TCPTransmitTxBuffer
 .text.BroadcastMessage
                0x00000ecc       0x58 ./src/tcpip.o
                0x00000ecc                BroadcastMessage
 .text.DoNetworkStuff
                0x00000f24      0x26c ./src/tcpip.o
                0x00000f24                DoNetworkStuff
 .text.ProcessEthBroadcastFrame
                0x00001190       0x8c ./src/tcpip.o
                0x00001190                ProcessEthBroadcastFrame
 .text.ProcessEthIAFrame
                0x0000121c      0x118 ./src/tcpip.o
                0x0000121c                ProcessEthIAFrame
 .text.ProcessICMPFrame
                0x00001334       0x2a ./src/tcpip.o
                0x00001334                ProcessICMPFrame
 *fill*         0x0000135e        0x2 ff
 .text.ProcessTCPFrame
                0x00001360      0x540 ./src/tcpip.o
                0x00001360                ProcessTCPFrame
 .text.PrepareARP_REQUEST
                0x000018a0       0xfc ./src/tcpip.o
                0x000018a0                PrepareARP_REQUEST
 .text.PrepareARP_ANSWER
                0x0000199c       0xb8 ./src/tcpip.o
                0x0000199c                PrepareARP_ANSWER
 .text.PrepareICMP_ECHO_REPLY
                0x00001a54      0x124 ./src/tcpip.o
                0x00001a54                PrepareICMP_ECHO_REPLY
 .text.PrepareTCP_FRAME
                0x00001b78      0x1ac ./src/tcpip.o
                0x00001b78                PrepareTCP_FRAME
 .text.PrepareTCP_DATA_FRAME
                0x00001d24      0x13c ./src/tcpip.o
                0x00001d24                PrepareTCP_DATA_FRAME
 .text.CalcChecksum
                0x00001e60       0xc8 ./src/tcpip.o
                0x00001e60                CalcChecksum
 .text.TCPStartRetryTimer
                0x00001f28       0x40 ./src/tcpip.o
                0x00001f28                TCPStartRetryTimer
 .text.TCPStartTimeWaitTimer
                0x00001f68       0x38 ./src/tcpip.o
                0x00001f68                TCPStartTimeWaitTimer
 .text.TCPRestartTimer
                0x00001fa0       0x18 ./src/tcpip.o
                0x00001fa0                TCPRestartTimer
 .text.TCPStopTimer
                0x00001fb8       0x20 ./src/tcpip.o
                0x00001fb8                TCPStopTimer
 .text.TCPHandleRetransmission
                0x00001fd8       0x64 ./src/tcpip.o
                0x00001fd8                TCPHandleRetransmission
 .text.TCPHandleTimeout
                0x0000203c       0x40 ./src/tcpip.o
                0x0000203c                TCPHandleTimeout
 .text.TCPClockHandler
                0x0000207c       0x2c ./src/tcpip.o
                0x0000207c                TCPClockHandler
 .text.SendFrame1
                0x000020a8       0x1c ./src/tcpip.o
                0x000020a8                SendFrame1
 .text.SendFrame2
                0x000020c4       0x1c ./src/tcpip.o
                0x000020c4                SendFrame2
 .text.WriteWBE
                0x000020e0       0x2e ./src/tcpip.o
                0x000020e0                WriteWBE
 .text.WriteDWBE
                0x0000210e       0x46 ./src/tcpip.o
                0x0000210e                WriteDWBE
 .text.SwapBytes
                0x00002154       0x2a ./src/tcpip.o
                0x00002154                SwapBytes
 *fill*         0x0000217e        0x2 ff
 .text.SystemInit
                0x00002180      0x140 /Users/piotrwlazlo/Desktop/studia/4semestr/SystemyWbudowane/lpc17xx_xpr_bb_140609/Lib_CMSISv1p30_LPC17xx/Debug/libCMSISv1p30_LPC17xx.a(system_LPC17xx.o)
                0x00002180                SystemInit
 .text.writeCommand
                0x000022c0       0x48 /Users/piotrwlazlo/Desktop/studia/4semestr/SystemyWbudowane/lpc17xx_xpr_bb_140609/Lib_EaBaseBoard/Debug/libLib_EaBaseBoard.a(oled.o)
 .text.writeData
                0x00002308       0x48 /Users/piotrwlazlo/Desktop/studia/4semestr/SystemyWbudowane/lpc17xx_xpr_bb_140609/Lib_EaBaseBoard/Debug/libLib_EaBaseBoard.a(oled.o)
 .text.writeDataLen
                0x00002350       0x78 /Users/piotrwlazlo/Desktop/studia/4semestr/SystemyWbudowane/lpc17xx_xpr_bb_140609/Lib_EaBaseBoard/Debug/libLib_EaBaseBoard.a(oled.o)
 .text.runInitSequence
                0x000023c8       0xd4 /Users/piotrwlazlo/Desktop/studia/4semestr/SystemyWbudowane/lpc17xx_xpr_bb_140609/Lib_EaBaseBoard/Debug/libLib_EaBaseBoard.a(oled.o)
 .text.oled_init
                0x0000249c       0x74 /Users/piotrwlazlo/Desktop/studia/4semestr/SystemyWbudowane/lpc17xx_xpr_bb_140609/Lib_EaBaseBoard/Debug/libLib_EaBaseBoard.a(oled.o)
                0x0000249c                oled_init
 .text.oled_putPixel
                0x00002510      0x148 /Users/piotrwlazlo/Desktop/studia/4semestr/SystemyWbudowane/lpc17xx_xpr_bb_140609/Lib_EaBaseBoard/Debug/libLib_EaBaseBoard.a(oled.o)
                0x00002510                oled_putPixel
 .text.oled_clearScreen
                0x00002658       0x64 /Users/piotrwlazlo/Desktop/studia/4semestr/SystemyWbudowane/lpc17xx_xpr_bb_140609/Lib_EaBaseBoard/Debug/libLib_EaBaseBoard.a(oled.o)
                0x00002658                oled_clearScreen
 .text.oled_putChar
                0x000026bc       0xd8 /Users/piotrwlazlo/Desktop/studia/4semestr/SystemyWbudowane/lpc17xx_xpr_bb_140609/Lib_EaBaseBoard/Debug/libLib_EaBaseBoard.a(oled.o)
                0x000026bc                oled_putChar
 .text.oled_putString
                0x00002794       0x52 /Users/piotrwlazlo/Desktop/studia/4semestr/SystemyWbudowane/lpc17xx_xpr_bb_140609/Lib_EaBaseBoard/Debug/libLib_EaBaseBoard.a(oled.o)
                0x00002794                oled_putString
 *fill*         0x000027e6        0x2 ff
 .text.GPIO_GetPointer
                0x000027e8       0x70 /Users/piotrwlazlo/Desktop/studia/4semestr/SystemyWbudowane/lpc17xx_xpr_bb_140609/Lib_MCU/Debug/libLib_MCU.a(lpc17xx_gpio.o)
 .text.GPIO_SetDir
                0x00002858       0x4a /Users/piotrwlazlo/Desktop/studia/4semestr/SystemyWbudowane/lpc17xx_xpr_bb_140609/Lib_MCU/Debug/libLib_MCU.a(lpc17xx_gpio.o)
                0x00002858                GPIO_SetDir
 .text.GPIO_SetValue
                0x000028a2       0x2a /Users/piotrwlazlo/Desktop/studia/4semestr/SystemyWbudowane/lpc17xx_xpr_bb_140609/Lib_MCU/Debug/libLib_MCU.a(lpc17xx_gpio.o)
                0x000028a2                GPIO_SetValue
 .text.GPIO_ClearValue
                0x000028cc       0x2a /Users/piotrwlazlo/Desktop/studia/4semestr/SystemyWbudowane/lpc17xx_xpr_bb_140609/Lib_MCU/Debug/libLib_MCU.a(lpc17xx_gpio.o)
                0x000028cc                GPIO_ClearValue
 *fill*         0x000028f6        0x2 ff
 .text.set_PinFunc
                0x000028f8       0x80 /Users/piotrwlazlo/Desktop/studia/4semestr/SystemyWbudowane/lpc17xx_xpr_bb_140609/Lib_MCU/Debug/libLib_MCU.a(lpc17xx_pinsel.o)
 .text.set_ResistorMode
                0x00002978       0x80 /Users/piotrwlazlo/Desktop/studia/4semestr/SystemyWbudowane/lpc17xx_xpr_bb_140609/Lib_MCU/Debug/libLib_MCU.a(lpc17xx_pinsel.o)
 .text.set_OpenDrainMode
                0x000029f8       0x68 /Users/piotrwlazlo/Desktop/studia/4semestr/SystemyWbudowane/lpc17xx_xpr_bb_140609/Lib_MCU/Debug/libLib_MCU.a(lpc17xx_pinsel.o)
 .text.PINSEL_ConfigPin
                0x00002a60       0x46 /Users/piotrwlazlo/Desktop/studia/4semestr/SystemyWbudowane/lpc17xx_xpr_bb_140609/Lib_MCU/Debug/libLib_MCU.a(lpc17xx_pinsel.o)
                0x00002a60                PINSEL_ConfigPin
 *fill*         0x00002aa6        0x2 ff
 .text.setSSPclock
                0x00002aa8       0xc4 /Users/piotrwlazlo/Desktop/studia/4semestr/SystemyWbudowane/lpc17xx_xpr_bb_140609/Lib_MCU/Debug/libLib_MCU.a(lpc17xx_ssp.o)
 .text.SSP_Init
                0x00002b6c       0x9c /Users/piotrwlazlo/Desktop/studia/4semestr/SystemyWbudowane/lpc17xx_xpr_bb_140609/Lib_MCU/Debug/libLib_MCU.a(lpc17xx_ssp.o)
                0x00002b6c                SSP_Init
 .text.SSP_GetDataSize
                0x00002c08       0x40 /Users/piotrwlazlo/Desktop/studia/4semestr/SystemyWbudowane/lpc17xx_xpr_bb_140609/Lib_MCU/Debug/libLib_MCU.a(lpc17xx_ssp.o)
                0x00002c08                SSP_GetDataSize
 .text.SSP_ConfigStructInit
                0x00002c48       0x3c /Users/piotrwlazlo/Desktop/studia/4semestr/SystemyWbudowane/lpc17xx_xpr_bb_140609/Lib_MCU/Debug/libLib_MCU.a(lpc17xx_ssp.o)
                0x00002c48                SSP_ConfigStructInit
 .text.SSP_Cmd  0x00002c84       0x6c /Users/piotrwlazlo/Desktop/studia/4semestr/SystemyWbudowane/lpc17xx_xpr_bb_140609/Lib_MCU/Debug/libLib_MCU.a(lpc17xx_ssp.o)
                0x00002c84                SSP_Cmd
 .text.SSP_SendData
                0x00002cf0       0x40 /Users/piotrwlazlo/Desktop/studia/4semestr/SystemyWbudowane/lpc17xx_xpr_bb_140609/Lib_MCU/Debug/libLib_MCU.a(lpc17xx_ssp.o)
                0x00002cf0                SSP_SendData
 .text.SSP_ReceiveData
                0x00002d30       0x3c /Users/piotrwlazlo/Desktop/studia/4semestr/SystemyWbudowane/lpc17xx_xpr_bb_140609/Lib_MCU/Debug/libLib_MCU.a(lpc17xx_ssp.o)
                0x00002d30                SSP_ReceiveData
 .text.SSP_ReadWrite
                0x00002d6c      0x34a /Users/piotrwlazlo/Desktop/studia/4semestr/SystemyWbudowane/lpc17xx_xpr_bb_140609/Lib_MCU/Debug/libLib_MCU.a(lpc17xx_ssp.o)
                0x00002d6c                SSP_ReadWrite
 *fill*         0x000030b6        0x2 ff
 .text.CLKPWR_GetPCLKSEL
                0x000030b8       0x48 /Users/piotrwlazlo/Desktop/studia/4semestr/SystemyWbudowane/lpc17xx_xpr_bb_140609/Lib_MCU/Debug/libLib_MCU.a(lpc17xx_clkpwr.o)
                0x000030b8                CLKPWR_GetPCLKSEL
 .text.CLKPWR_GetPCLK
                0x00003100       0x64 /Users/piotrwlazlo/Desktop/studia/4semestr/SystemyWbudowane/lpc17xx_xpr_bb_140609/Lib_MCU/Debug/libLib_MCU.a(lpc17xx_clkpwr.o)
                0x00003100                CLKPWR_GetPCLK
 .text.CLKPWR_ConfigPPWR
                0x00003164       0x58 /Users/piotrwlazlo/Desktop/studia/4semestr/SystemyWbudowane/lpc17xx_xpr_bb_140609/Lib_MCU/Debug/libLib_MCU.a(lpc17xx_clkpwr.o)
                0x00003164                CLKPWR_ConfigPPWR
 .text.check_failed
                0x000031bc        0xe /Users/piotrwlazlo/Desktop/studia/4semestr/SystemyWbudowane/lpc17xx_xpr_bb_140609/Lib_MCU/Debug/libLib_MCU.a(lpc17xx_libcfg_default.o)
                0x000031bc                check_failed
 *fill*         0x000031ca        0x2 ff
 .text.sprintf  0x000031cc       0x44 /Applications/MCUXpressoIDE_24.12.148/ide/plugins/com.nxp.mcuxpresso.tools.macosx_24.12.0.202407110909/tools/bin/../lib/gcc/arm-none-eabi/13.2.1/../../../../arm-none-eabi/lib/thumb/v7-m/nofp/libc.a(libc_a-sprintf.o)
                0x000031cc                sprintf
 .text.memcmp   0x00003210       0x5c /Applications/MCUXpressoIDE_24.12.148/ide/plugins/com.nxp.mcuxpresso.tools.macosx_24.12.0.202407110909/tools/bin/../lib/gcc/arm-none-eabi/13.2.1/../../../../arm-none-eabi/lib/thumb/v7-m/nofp/libc.a(libc_a-memcmp.o)
                0x00003210                memcmp
 .text.memset   0x0000326c       0xa0 /Applications/MCUXpressoIDE_24.12.148/ide/plugins/com.nxp.mcuxpresso.tools.macosx_24.12.0.202407110909/tools/bin/../lib/gcc/arm-none-eabi/13.2.1/../../../../arm-none-eabi/lib/thumb/v7-m/nofp/libc.a(libc_a-memset.o)
                0x0000326c                memset
 .text          0x0000330c       0xec /Applications/MCUXpressoIDE_24.12.148/ide/plugins/com.nxp.mcuxpresso.tools.macosx_24.12.0.202407110909/tools/bin/../lib/gcc/arm-none-eabi/13.2.1/../../../../arm-none-eabi/lib/thumb/v7-m/nofp/libc.a(libc_a-memcpy.o)
                0x0000330c                memcpy
 .text._svfprintf_r
                0x000033f8     0x1b2c /Applications/MCUXpressoIDE_24.12.148/ide/plugins/com.nxp.mcuxpresso.tools.macosx_24.12.0.202407110909/tools/bin/../lib/gcc/arm-none-eabi/13.2.1/../../../../arm-none-eabi/lib/thumb/v7-m/nofp/libc.a(libc_a-svfprintf.o)
                0x000033f8                _svfprintf_r
 .text.stdio_exit_handler
                0x00004f24       0x18 /Applications/MCUXpressoIDE_24.12.148/ide/plugins/com.nxp.mcuxpresso.tools.macosx_24.12.0.202407110909/tools/bin/../lib/gcc/arm-none-eabi/13.2.1/../../../../arm-none-eabi/lib/thumb/v7-m/nofp/libc.a(libc_a-findfp.o)
 .text.cleanup_stdio
                0x00004f3c       0x40 /Applications/MCUXpressoIDE_24.12.148/ide/plugins/com.nxp.mcuxpresso.tools.macosx_24.12.0.202407110909/tools/bin/../lib/gcc/arm-none-eabi/13.2.1/../../../../arm-none-eabi/lib/thumb/v7-m/nofp/libc.a(libc_a-findfp.o)
 .text.global_stdio_init.part.0
                0x00004f7c       0xf0 /Applications/MCUXpressoIDE_24.12.148/ide/plugins/com.nxp.mcuxpresso.tools.macosx_24.12.0.202407110909/tools/bin/../lib/gcc/arm-none-eabi/13.2.1/../../../../arm-none-eabi/lib/thumb/v7-m/nofp/libc.a(libc_a-findfp.o)
 .text.__sinit  0x0000506c       0x3c /Applications/MCUXpressoIDE_24.12.148/ide/plugins/com.nxp.mcuxpresso.tools.macosx_24.12.0.202407110909/tools/bin/../lib/gcc/arm-none-eabi/13.2.1/../../../../arm-none-eabi/lib/thumb/v7-m/nofp/libc.a(libc_a-findfp.o)
                0x0000506c                __sinit
 .text.__sfp_lock_acquire
                0x000050a8        0xc /Applications/MCUXpressoIDE_24.12.148/ide/plugins/com.nxp.mcuxpresso.tools.macosx_24.12.0.202407110909/tools/bin/../lib/gcc/arm-none-eabi/13.2.1/../../../../arm-none-eabi/lib/thumb/v7-m/nofp/libc.a(libc_a-findfp.o)
                0x000050a8                __sfp_lock_acquire
 .text.__sfp_lock_release
                0x000050b4        0xc /Applications/MCUXpressoIDE_24.12.148/ide/plugins/com.nxp.mcuxpresso.tools.macosx_24.12.0.202407110909/tools/bin/../lib/gcc/arm-none-eabi/13.2.1/../../../../arm-none-eabi/lib/thumb/v7-m/nofp/libc.a(libc_a-findfp.o)
                0x000050b4                __sfp_lock_release
 .text._fwalk_sglue
                0x000050c0       0x44 /Applications/MCUXpressoIDE_24.12.148/ide/plugins/com.nxp.mcuxpresso.tools.macosx_24.12.0.202407110909/tools/bin/../lib/gcc/arm-none-eabi/13.2.1/../../../../arm-none-eabi/lib/thumb/v7-m/nofp/libc.a(libc_a-fwalk.o)
                0x000050c0                _fwalk_sglue
 .text.strncpy  0x00005104       0x6c /Applications/MCUXpressoIDE_24.12.148/ide/plugins/com.nxp.mcuxpresso.tools.macosx_24.12.0.202407110909/tools/bin/../lib/gcc/arm-none-eabi/13.2.1/../../../../arm-none-eabi/lib/thumb/v7-m/nofp/libc.a(libc_a-strncpy.o)
                0x00005104                strncpy
 .text.__locale_mb_cur_max
                0x00005170        0xc /Applications/MCUXpressoIDE_24.12.148/ide/plugins/com.nxp.mcuxpresso.tools.macosx_24.12.0.202407110909/tools/bin/../lib/gcc/arm-none-eabi/13.2.1/../../../../arm-none-eabi/lib/thumb/v7-m/nofp/libc.a(libc_a-locale.o)
                0x00005170                __locale_mb_cur_max
 .text._localeconv_r
                0x0000517c        0x8 /Applications/MCUXpressoIDE_24.12.148/ide/plugins/com.nxp.mcuxpresso.tools.macosx_24.12.0.202407110909/tools/bin/../lib/gcc/arm-none-eabi/13.2.1/../../../../arm-none-eabi/lib/thumb/v7-m/nofp/libc.a(libc_a-localeconv.o)
                0x0000517c                _localeconv_r
 .text.__retarget_lock_init_recursive
                0x00005184        0x4 /Applications/MCUXpressoIDE_24.12.148/ide/plugins/com.nxp.mcuxpresso.tools.macosx_24.12.0.202407110909/tools/bin/../lib/gcc/arm-none-eabi/13.2.1/../../../../arm-none-eabi/lib/thumb/v7-m/nofp/libc.a(libc_a-lock.o)
                0x00005184                __retarget_lock_init_recursive
 .text.__retarget_lock_close_recursive
                0x00005188        0x4 /Applications/MCUXpressoIDE_24.12.148/ide/plugins/com.nxp.mcuxpresso.tools.macosx_24.12.0.202407110909/tools/bin/../lib/gcc/arm-none-eabi/13.2.1/../../../../arm-none-eabi/lib/thumb/v7-m/nofp/libc.a(libc_a-lock.o)
                0x00005188                __retarget_lock_close_recursive
 .text.__retarget_lock_acquire_recursive
                0x0000518c        0x4 /Applications/MCUXpressoIDE_24.12.148/ide/plugins/com.nxp.mcuxpresso.tools.macosx_24.12.0.202407110909/tools/bin/../lib/gcc/arm-none-eabi/13.2.1/../../../../arm-none-eabi/lib/thumb/v7-m/nofp/libc.a(libc_a-lock.o)
                0x0000518c                __retarget_lock_acquire_recursive
 .text.__retarget_lock_release_recursive
                0x00005190        0x4 /Applications/MCUXpressoIDE_24.12.148/ide/plugins/com.nxp.mcuxpresso.tools.macosx_24.12.0.202407110909/tools/bin/../lib/gcc/arm-none-eabi/13.2.1/../../../../arm-none-eabi/lib/thumb/v7-m/nofp/libc.a(libc_a-lock.o)
                0x00005190                __retarget_lock_release_recursive
 .text.memchr   0x00005194       0x98 /Applications/MCUXpressoIDE_24.12.148/ide/plugins/com.nxp.mcuxpresso.tools.macosx_24.12.0.202407110909/tools/bin/../lib/gcc/arm-none-eabi/13.2.1/../../../../arm-none-eabi/lib/thumb/v7-m/nofp/libc.a(libc_a-memchr-stub.o)
                0x00005194                memchr
 .text.strlen   0x0000522c       0x5c /Applications/MCUXpressoIDE_24.12.148/ide/plugins/com.nxp.mcuxpresso.tools.macosx_24.12.0.202407110909/tools/bin/../lib/gcc/arm-none-eabi/13.2.1/../../../../arm-none-eabi/lib/thumb/v7-m/nofp/libc.a(libc_a-strlen-stub.o)
                0x0000522c                strlen
 .text._wcrtomb_r
                0x00005288       0x4c /Applications/MCUXpressoIDE_24.12.148/ide/plugins/com.nxp.mcuxpresso.tools.macosx_24.12.0.202407110909/tools/bin/../lib/gcc/arm-none-eabi/13.2.1/../../../../arm-none-eabi/lib/thumb/v7-m/nofp/libc.a(libc_a-wcrtomb.o)
                0x00005288                _wcrtomb_r
 .text._wcsrtombs_r
                0x000052d4       0x18 /Applications/MCUXpressoIDE_24.12.148/ide/plugins/com.nxp.mcuxpresso.tools.macosx_24.12.0.202407110909/tools/bin/../lib/gcc/arm-none-eabi/13.2.1/../../../../arm-none-eabi/lib/thumb/v7-m/nofp/libc.a(libc_a-wcsrtombs.o)
                0x000052d4                _wcsrtombs_r
 .text.frexp    0x000052ec       0x6c /Applications/MCUXpressoIDE_24.12.148/ide/plugins/com.nxp.mcuxpresso.tools.macosx_24.12.0.202407110909/tools/bin/../lib/gcc/arm-none-eabi/13.2.1/../../../../arm-none-eabi/lib/thumb/v7-m/nofp/libc.a(libm_a-s_frexp.o)
                0x000052ec                frexp
 .text.quorem   0x00005358      0x13c /Applications/MCUXpressoIDE_24.12.148/ide/plugins/com.nxp.mcuxpresso.tools.macosx_24.12.0.202407110909/tools/bin/../lib/gcc/arm-none-eabi/13.2.1/../../../../arm-none-eabi/lib/thumb/v7-m/nofp/libc.a(libc_a-dtoa.o)
 *fill*         0x00005494        0x4 ff
 .text._dtoa_r  0x00005498      0xe94 /Applications/MCUXpressoIDE_24.12.148/ide/plugins/com.nxp.mcuxpresso.tools.macosx_24.12.0.202407110909/tools/bin/../lib/gcc/arm-none-eabi/13.2.1/../../../../arm-none-eabi/lib/thumb/v7-m/nofp/libc.a(libc_a-dtoa.o)
                0x00005498                _dtoa_r
 .text._malloc_trim_r
                0x0000632c       0xb8 /Applications/MCUXpressoIDE_24.12.148/ide/plugins/com.nxp.mcuxpresso.tools.macosx_24.12.0.202407110909/tools/bin/../lib/gcc/arm-none-eabi/13.2.1/../../../../arm-none-eabi/lib/thumb/v7-m/nofp/libc.a(libc_a-freer.o)
                0x0000632c                _malloc_trim_r
 .text._free_r  0x000063e4      0x1f8 /Applications/MCUXpressoIDE_24.12.148/ide/plugins/com.nxp.mcuxpresso.tools.macosx_24.12.0.202407110909/tools/bin/../lib/gcc/arm-none-eabi/13.2.1/../../../../arm-none-eabi/lib/thumb/v7-m/nofp/libc.a(libc_a-freer.o)
                0x000063e4                _free_r
 .text._malloc_r
                0x000065dc      0x568 /Applications/MCUXpressoIDE_24.12.148/ide/plugins/com.nxp.mcuxpresso.tools.macosx_24.12.0.202407110909/tools/bin/../lib/gcc/arm-none-eabi/13.2.1/../../../../arm-none-eabi/lib/thumb/v7-m/nofp/libc.a(libc_a-mallocr.o)
                0x000065dc                _malloc_r
 .text.__ascii_mbtowc
                0x00006b44       0x2c /Applications/MCUXpressoIDE_24.12.148/ide/plugins/com.nxp.mcuxpresso.tools.macosx_24.12.0.202407110909/tools/bin/../lib/gcc/arm-none-eabi/13.2.1/../../../../arm-none-eabi/lib/thumb/v7-m/nofp/libc.a(libc_a-mbtowc_r.o)
                0x00006b44                __ascii_mbtowc
 .text.__ssprint_r
                0x00006b70      0x110 /Applications/MCUXpressoIDE_24.12.148/ide/plugins/com.nxp.mcuxpresso.tools.macosx_24.12.0.202407110909/tools/bin/../lib/gcc/arm-none-eabi/13.2.1/../../../../arm-none-eabi/lib/thumb/v7-m/nofp/libc.a(libc_a-svfiprintf.o)
                0x00006b70                __ssprint_r
 .text.__malloc_lock
                0x00006c80        0xc /Applications/MCUXpressoIDE_24.12.148/ide/plugins/com.nxp.mcuxpresso.tools.macosx_24.12.0.202407110909/tools/bin/../lib/gcc/arm-none-eabi/13.2.1/../../../../arm-none-eabi/lib/thumb/v7-m/nofp/libc.a(libc_a-mlock.o)
                0x00006c80                __malloc_lock
 .text.__malloc_unlock
                0x00006c8c        0xc /Applications/MCUXpressoIDE_24.12.148/ide/plugins/com.nxp.mcuxpresso.tools.macosx_24.12.0.202407110909/tools/bin/../lib/gcc/arm-none-eabi/13.2.1/../../../../arm-none-eabi/lib/thumb/v7-m/nofp/libc.a(libc_a-mlock.o)
                0x00006c8c                __malloc_unlock
 .text._Balloc  0x00006c98       0x4c /Applications/MCUXpressoIDE_24.12.148/ide/plugins/com.nxp.mcuxpresso.tools.macosx_24.12.0.202407110909/tools/bin/../lib/gcc/arm-none-eabi/13.2.1/../../../../arm-none-eabi/lib/thumb/v7-m/nofp/libc.a(libc_a-mprec.o)
                0x00006c98                _Balloc
 .text._Bfree   0x00006ce4       0x14 /Applications/MCUXpressoIDE_24.12.148/ide/plugins/com.nxp.mcuxpresso.tools.macosx_24.12.0.202407110909/tools/bin/../lib/gcc/arm-none-eabi/13.2.1/../../../../arm-none-eabi/lib/thumb/v7-m/nofp/libc.a(libc_a-mprec.o)
                0x00006ce4                _Bfree
 .text.__multadd
                0x00006cf8       0xa4 /Applications/MCUXpressoIDE_24.12.148/ide/plugins/com.nxp.mcuxpresso.tools.macosx_24.12.0.202407110909/tools/bin/../lib/gcc/arm-none-eabi/13.2.1/../../../../arm-none-eabi/lib/thumb/v7-m/nofp/libc.a(libc_a-mprec.o)
                0x00006cf8                __multadd
 .text.__hi0bits
                0x00006d9c       0x44 /Applications/MCUXpressoIDE_24.12.148/ide/plugins/com.nxp.mcuxpresso.tools.macosx_24.12.0.202407110909/tools/bin/../lib/gcc/arm-none-eabi/13.2.1/../../../../arm-none-eabi/lib/thumb/v7-m/nofp/libc.a(libc_a-mprec.o)
                0x00006d9c                __hi0bits
 .text.__lo0bits
                0x00006de0       0x5c /Applications/MCUXpressoIDE_24.12.148/ide/plugins/com.nxp.mcuxpresso.tools.macosx_24.12.0.202407110909/tools/bin/../lib/gcc/arm-none-eabi/13.2.1/../../../../arm-none-eabi/lib/thumb/v7-m/nofp/libc.a(libc_a-mprec.o)
                0x00006de0                __lo0bits
 .text.__i2b    0x00006e3c       0x5c /Applications/MCUXpressoIDE_24.12.148/ide/plugins/com.nxp.mcuxpresso.tools.macosx_24.12.0.202407110909/tools/bin/../lib/gcc/arm-none-eabi/13.2.1/../../../../arm-none-eabi/lib/thumb/v7-m/nofp/libc.a(libc_a-mprec.o)
                0x00006e3c                __i2b
 .text.__multiply
                0x00006e98      0x164 /Applications/MCUXpressoIDE_24.12.148/ide/plugins/com.nxp.mcuxpresso.tools.macosx_24.12.0.202407110909/tools/bin/../lib/gcc/arm-none-eabi/13.2.1/../../../../arm-none-eabi/lib/thumb/v7-m/nofp/libc.a(libc_a-mprec.o)
                0x00006e98                __multiply
 .text.__pow5mult
                0x00006ffc       0xb4 /Applications/MCUXpressoIDE_24.12.148/ide/plugins/com.nxp.mcuxpresso.tools.macosx_24.12.0.202407110909/tools/bin/../lib/gcc/arm-none-eabi/13.2.1/../../../../arm-none-eabi/lib/thumb/v7-m/nofp/libc.a(libc_a-mprec.o)
                0x00006ffc                __pow5mult
 .text.__lshift
                0x000070b0       0xec /Applications/MCUXpressoIDE_24.12.148/ide/plugins/com.nxp.mcuxpresso.tools.macosx_24.12.0.202407110909/tools/bin/../lib/gcc/arm-none-eabi/13.2.1/../../../../arm-none-eabi/lib/thumb/v7-m/nofp/libc.a(libc_a-mprec.o)
                0x000070b0                __lshift
 .text.__mcmp   0x0000719c       0x40 /Applications/MCUXpressoIDE_24.12.148/ide/plugins/com.nxp.mcuxpresso.tools.macosx_24.12.0.202407110909/tools/bin/../lib/gcc/arm-none-eabi/13.2.1/../../../../arm-none-eabi/lib/thumb/v7-m/nofp/libc.a(libc_a-mprec.o)
                0x0000719c                __mcmp
 .text.__mdiff  0x000071dc      0x178 /Applications/MCUXpressoIDE_24.12.148/ide/plugins/com.nxp.mcuxpresso.tools.macosx_24.12.0.202407110909/tools/bin/../lib/gcc/arm-none-eabi/13.2.1/../../../../arm-none-eabi/lib/thumb/v7-m/nofp/libc.a(libc_a-mprec.o)
                0x000071dc                __mdiff
 .text.__d2b    0x00007354       0xbc /Applications/MCUXpressoIDE_24.12.148/ide/plugins/com.nxp.mcuxpresso.tools.macosx_24.12.0.202407110909/tools/bin/../lib/gcc/arm-none-eabi/13.2.1/../../../../arm-none-eabi/lib/thumb/v7-m/nofp/libc.a(libc_a-mprec.o)
                0x00007354                __d2b
 .text._fclose_r
                0x00007410       0xc0 /Applications/MCUXpressoIDE_24.12.148/ide/plugins/com.nxp.mcuxpresso.tools.macosx_24.12.0.202407110909/tools/bin/../lib/gcc/arm-none-eabi/13.2.1/../../../../arm-none-eabi/lib/thumb/v7-m/nofp/libc.a(libc_a-fclose.o)
                0x00007410                _fclose_r
 .text._realloc_r
                0x000074d0      0x34c /Applications/MCUXpressoIDE_24.12.148/ide/plugins/com.nxp.mcuxpresso.tools.macosx_24.12.0.202407110909/tools/bin/../lib/gcc/arm-none-eabi/13.2.1/../../../../arm-none-eabi/lib/thumb/v7-m/nofp/libc.a(libc_a-reallocr.o)
                0x000074d0                _realloc_r
 .text.__sflush_r
                0x0000781c      0x128 /Applications/MCUXpressoIDE_24.12.148/ide/plugins/com.nxp.mcuxpresso.tools.macosx_24.12.0.202407110909/tools/bin/../lib/gcc/arm-none-eabi/13.2.1/../../../../arm-none-eabi/lib/thumb/v7-m/nofp/libc.a(libc_a-fflush.o)
                0x0000781c                __sflush_r
 .text._fflush_r
                0x00007944       0x54 /Applications/MCUXpressoIDE_24.12.148/ide/plugins/com.nxp.mcuxpresso.tools.macosx_24.12.0.202407110909/tools/bin/../lib/gcc/arm-none-eabi/13.2.1/../../../../arm-none-eabi/lib/thumb/v7-m/nofp/libc.a(libc_a-fflush.o)
                0x00007944                _fflush_r
 .text.__sread  0x00007998       0x24 /Applications/MCUXpressoIDE_24.12.148/ide/plugins/com.nxp.mcuxpresso.tools.macosx_24.12.0.202407110909/tools/bin/../lib/gcc/arm-none-eabi/13.2.1/../../../../arm-none-eabi/lib/thumb/v7-m/nofp/libc.a(libc_a-stdio.o)
                0x00007998                __sread
 .text.__swrite
                0x000079bc       0x40 /Applications/MCUXpressoIDE_24.12.148/ide/plugins/com.nxp.mcuxpresso.tools.macosx_24.12.0.202407110909/tools/bin/../lib/gcc/arm-none-eabi/13.2.1/../../../../arm-none-eabi/lib/thumb/v7-m/nofp/libc.a(libc_a-stdio.o)
                0x000079bc                __swrite
 .text.__sseek  0x000079fc       0x24 /Applications/MCUXpressoIDE_24.12.148/ide/plugins/com.nxp.mcuxpresso.tools.macosx_24.12.0.202407110909/tools/bin/../lib/gcc/arm-none-eabi/13.2.1/../../../../arm-none-eabi/lib/thumb/v7-m/nofp/libc.a(libc_a-stdio.o)
                0x000079fc                __sseek
 .text.__sclose
                0x00007a20        0x8 /Applications/MCUXpressoIDE_24.12.148/ide/plugins/com.nxp.mcuxpresso.tools.macosx_24.12.0.202407110909/tools/bin/../lib/gcc/arm-none-eabi/13.2.1/../../../../arm-none-eabi/lib/thumb/v7-m/nofp/libc.a(libc_a-stdio.o)
                0x00007a20                __sclose
 .text.__ascii_wctomb
                0x00007a28       0x1c /Applications/MCUXpressoIDE_24.12.148/ide/plugins/com.nxp.mcuxpresso.tools.macosx_24.12.0.202407110909/tools/bin/../lib/gcc/arm-none-eabi/13.2.1/../../../../arm-none-eabi/lib/thumb/v7-m/nofp/libc.a(libc_a-wctomb_r.o)
                0x00007a28                __ascii_wctomb
 .text.memmove  0x00007a44       0xfc /Applications/MCUXpressoIDE_24.12.148/ide/plugins/com.nxp.mcuxpresso.tools.macosx_24.12.0.202407110909/tools/bin/../lib/gcc/arm-none-eabi/13.2.1/../../../../arm-none-eabi/lib/thumb/v7-m/nofp/libc.a(libc_a-memmove.o)
                0x00007a44                memmove
 .text._close_r
                0x00007b40       0x24 /Applications/MCUXpressoIDE_24.12.148/ide/plugins/com.nxp.mcuxpresso.tools.macosx_24.12.0.202407110909/tools/bin/../lib/gcc/arm-none-eabi/13.2.1/../../../../arm-none-eabi/lib/thumb/v7-m/nofp/libc.a(libc_a-closer.o)
                0x00007b40                _close_r
 .text._lseek_r
                0x00007b64       0x2c /Applications/MCUXpressoIDE_24.12.148/ide/plugins/com.nxp.mcuxpresso.tools.macosx_24.12.0.202407110909/tools/bin/../lib/gcc/arm-none-eabi/13.2.1/../../../../arm-none-eabi/lib/thumb/v7-m/nofp/libc.a(libc_a-lseekr.o)
                0x00007b64                _lseek_r
 .text._read_r  0x00007b90       0x2c /Applications/MCUXpressoIDE_24.12.148/ide/plugins/com.nxp.mcuxpresso.tools.macosx_24.12.0.202407110909/tools/bin/../lib/gcc/arm-none-eabi/13.2.1/../../../../arm-none-eabi/lib/thumb/v7-m/nofp/libc.a(libc_a-readr.o)
                0x00007b90                _read_r
 .text._sbrk_r  0x00007bbc       0x24 /Applications/MCUXpressoIDE_24.12.148/ide/plugins/com.nxp.mcuxpresso.tools.macosx_24.12.0.202407110909/tools/bin/../lib/gcc/arm-none-eabi/13.2.1/../../../../arm-none-eabi/lib/thumb/v7-m/nofp/libc.a(libc_a-sbrkr.o)
                0x00007bbc                _sbrk_r
 .text._write_r
                0x00007be0       0x2c /Applications/MCUXpressoIDE_24.12.148/ide/plugins/com.nxp.mcuxpresso.tools.macosx_24.12.0.202407110909/tools/bin/../lib/gcc/arm-none-eabi/13.2.1/../../../../arm-none-eabi/lib/thumb/v7-m/nofp/libc.a(libc_a-writer.o)
                0x00007be0                _write_r
 .text.__errno  0x00007c0c        0xc /Applications/MCUXpressoIDE_24.12.148/ide/plugins/com.nxp.mcuxpresso.tools.macosx_24.12.0.202407110909/tools/bin/../lib/gcc/arm-none-eabi/13.2.1/../../../../arm-none-eabi/lib/thumb/v7-m/nofp/libc.a(libc_a-errno.o)
                0x00007c0c                __errno
 .text.sysconf  0x00007c18       0x1c /Applications/MCUXpressoIDE_24.12.148/ide/plugins/com.nxp.mcuxpresso.tools.macosx_24.12.0.202407110909/tools/bin/../lib/gcc/arm-none-eabi/13.2.1/../../../../arm-none-eabi/lib/thumb/v7-m/nofp/libc.a(libc_a-sysconf.o)
                0x00007c18                sysconf
 .text._wcsnrtombs_l
                0x00007c34       0xec /Applications/MCUXpressoIDE_24.12.148/ide/plugins/com.nxp.mcuxpresso.tools.macosx_24.12.0.202407110909/tools/bin/../lib/gcc/arm-none-eabi/13.2.1/../../../../arm-none-eabi/lib/thumb/v7-m/nofp/libc.a(libc_a-wcsnrtombs.o)
                0x00007c34                _wcsnrtombs_l
 .text._wcsnrtombs_r
                0x00007d20       0x24 /Applications/MCUXpressoIDE_24.12.148/ide/plugins/com.nxp.mcuxpresso.tools.macosx_24.12.0.202407110909/tools/bin/../lib/gcc/arm-none-eabi/13.2.1/../../../../arm-none-eabi/lib/thumb/v7-m/nofp/libc.a(libc_a-wcsnrtombs.o)
                0x00007d20                _wcsnrtombs_r
 .text.__assert_func
                0x00007d44       0x40 /Applications/MCUXpressoIDE_24.12.148/ide/plugins/com.nxp.mcuxpresso.tools.macosx_24.12.0.202407110909/tools/bin/../lib/gcc/arm-none-eabi/13.2.1/../../../../arm-none-eabi/lib/thumb/v7-m/nofp/libc.a(libc_a-assert.o)
                0x00007d44                __assert_func
 .text._calloc_r
                0x00007d84       0x6c /Applications/MCUXpressoIDE_24.12.148/ide/plugins/com.nxp.mcuxpresso.tools.macosx_24.12.0.202407110909/tools/bin/../lib/gcc/arm-none-eabi/13.2.1/../../../../arm-none-eabi/lib/thumb/v7-m/nofp/libc.a(libc_a-callocr.o)
                0x00007d84                _calloc_r
 .text.fiprintf
                0x00007df0       0x28 /Applications/MCUXpressoIDE_24.12.148/ide/plugins/com.nxp.mcuxpresso.tools.macosx_24.12.0.202407110909/tools/bin/../lib/gcc/arm-none-eabi/13.2.1/../../../../arm-none-eabi/lib/thumb/v7-m/nofp/libc.a(libc_a-fiprintf.o)
                0x00007df0                fiprintf
 .text.__sprint_r.part.0
                0x00007e18       0x78 /Applications/MCUXpressoIDE_24.12.148/ide/plugins/com.nxp.mcuxpresso.tools.macosx_24.12.0.202407110909/tools/bin/../lib/gcc/arm-none-eabi/13.2.1/../../../../arm-none-eabi/lib/thumb/v7-m/nofp/libc.a(libc_a-vfiprintf.o)
 .text._vfiprintf_r
                0x00007e90      0xfe8 /Applications/MCUXpressoIDE_24.12.148/ide/plugins/com.nxp.mcuxpresso.tools.macosx_24.12.0.202407110909/tools/bin/../lib/gcc/arm-none-eabi/13.2.1/../../../../arm-none-eabi/lib/thumb/v7-m/nofp/libc.a(libc_a-vfiprintf.o)
                0x00007e90                _vfiprintf_r
 .text.__sbprintf
                0x00008e78       0x80 /Applications/MCUXpressoIDE_24.12.148/ide/plugins/com.nxp.mcuxpresso.tools.macosx_24.12.0.202407110909/tools/bin/../lib/gcc/arm-none-eabi/13.2.1/../../../../arm-none-eabi/lib/thumb/v7-m/nofp/libc.a(libc_a-vfiprintf.o)
 .text.__sfvwrite_r
                0x00008ef8      0x2ec /Applications/MCUXpressoIDE_24.12.148/ide/plugins/com.nxp.mcuxpresso.tools.macosx_24.12.0.202407110909/tools/bin/../lib/gcc/arm-none-eabi/13.2.1/../../../../arm-none-eabi/lib/thumb/v7-m/nofp/libc.a(libc_a-fvwrite.o)
                0x00008ef8                __sfvwrite_r
 .text.__swsetup_r
                0x000091e4       0xc4 /Applications/MCUXpressoIDE_24.12.148/ide/plugins/com.nxp.mcuxpresso.tools.macosx_24.12.0.202407110909/tools/bin/../lib/gcc/arm-none-eabi/13.2.1/../../../../arm-none-eabi/lib/thumb/v7-m/nofp/libc.a(libc_a-wsetup.o)
                0x000091e4                __swsetup_r
 .text.__fputwc
                0x000092a8       0x7c /Applications/MCUXpressoIDE_24.12.148/ide/plugins/com.nxp.mcuxpresso.tools.macosx_24.12.0.202407110909/tools/bin/../lib/gcc/arm-none-eabi/13.2.1/../../../../arm-none-eabi/lib/thumb/v7-m/nofp/libc.a(libc_a-fputwc.o)
                0x000092a8                __fputwc
 .text._fputwc_r
                0x00009324       0x60 /Applications/MCUXpressoIDE_24.12.148/ide/plugins/com.nxp.mcuxpresso.tools.macosx_24.12.0.202407110909/tools/bin/../lib/gcc/arm-none-eabi/13.2.1/../../../../arm-none-eabi/lib/thumb/v7-m/nofp/libc.a(libc_a-fputwc.o)
                0x00009324                _fputwc_r
 .text.abort    0x00009384       0x10 /Applications/MCUXpressoIDE_24.12.148/ide/plugins/com.nxp.mcuxpresso.tools.macosx_24.12.0.202407110909/tools/bin/../lib/gcc/arm-none-eabi/13.2.1/../../../../arm-none-eabi/lib/thumb/v7-m/nofp/libc.a(libc_a-abort.o)
                0x00009384                abort
 .text.__smakebuf_r
                0x00009394       0xdc /Applications/MCUXpressoIDE_24.12.148/ide/plugins/com.nxp.mcuxpresso.tools.macosx_24.12.0.202407110909/tools/bin/../lib/gcc/arm-none-eabi/13.2.1/../../../../arm-none-eabi/lib/thumb/v7-m/nofp/libc.a(libc_a-makebuf.o)
                0x00009394                __smakebuf_r
 .text.__swbuf_r
                0x00009470       0xac /Applications/MCUXpressoIDE_24.12.148/ide/plugins/com.nxp.mcuxpresso.tools.macosx_24.12.0.202407110909/tools/bin/../lib/gcc/arm-none-eabi/13.2.1/../../../../arm-none-eabi/lib/thumb/v7-m/nofp/libc.a(libc_a-wbuf.o)
                0x00009470                __swbuf_r
 .text.raise    0x0000951c       0x58 /Applications/MCUXpressoIDE_24.12.148/ide/plugins/com.nxp.mcuxpresso.tools.macosx_24.12.0.202407110909/tools/bin/../lib/gcc/arm-none-eabi/13.2.1/../../../../arm-none-eabi/lib/thumb/v7-m/nofp/libc.a(libc_a-signal.o)
                0x0000951c                raise
 .text._fstat_r
                0x00009574       0x28 /Applications/MCUXpressoIDE_24.12.148/ide/plugins/com.nxp.mcuxpresso.tools.macosx_24.12.0.202407110909/tools/bin/../lib/gcc/arm-none-eabi/13.2.1/../../../../arm-none-eabi/lib/thumb/v7-m/nofp/libc.a(libc_a-fstatr.o)
                0x00009574                _fstat_r
 .text._isatty_r
                0x0000959c       0x24 /Applications/MCUXpressoIDE_24.12.148/ide/plugins/com.nxp.mcuxpresso.tools.macosx_24.12.0.202407110909/tools/bin/../lib/gcc/arm-none-eabi/13.2.1/../../../../arm-none-eabi/lib/thumb/v7-m/nofp/libc.a(libc_a-isattyr.o)
                0x0000959c                _isatty_r
 .text._kill_r  0x000095c0       0x28 /Applications/MCUXpressoIDE_24.12.148/ide/plugins/com.nxp.mcuxpresso.tools.macosx_24.12.0.202407110909/tools/bin/../lib/gcc/arm-none-eabi/13.2.1/../../../../arm-none-eabi/lib/thumb/v7-m/nofp/libc.a(libc_a-signalr.o)
                0x000095c0                _kill_r
 .text._getpid_r
                0x000095e8        0x4 /Applications/MCUXpressoIDE_24.12.148/ide/plugins/com.nxp.mcuxpresso.tools.macosx_24.12.0.202407110909/tools/bin/../lib/gcc/arm-none-eabi/13.2.1/../../../../arm-none-eabi/lib/thumb/v7-m/nofp/libc.a(libc_a-signalr.o)
                0x000095e8                _getpid_r
 .text._sbrk    0x000095ec       0x3c /Applications/MCUXpressoIDE_24.12.148/ide/plugins/com.nxp.mcuxpresso.tools.macosx_24.12.0.202407110909/tools/bin/../lib/gcc/arm-none-eabi/13.2.1/../../../../arm-none-eabi/lib/thumb/v7-m/nofp/libcr_newlib_semihost.a(_cr_sbrk.o)
                0x000095ec                _sbrk
 .text._exit    0x00009628        0x8 /Applications/MCUXpressoIDE_24.12.148/ide/plugins/com.nxp.mcuxpresso.tools.macosx_24.12.0.202407110909/tools/bin/../lib/gcc/arm-none-eabi/13.2.1/../../../../arm-none-eabi/lib/thumb/v7-m/nofp/libcr_newlib_semihost.a(_exit.o)
                0x00009628                _exit
 .text._kill    0x00009630       0x20 /Applications/MCUXpressoIDE_24.12.148/ide/plugins/com.nxp.mcuxpresso.tools.macosx_24.12.0.202407110909/tools/bin/../lib/gcc/arm-none-eabi/13.2.1/../../../../arm-none-eabi/lib/thumb/v7-m/nofp/libcr_newlib_semihost.a(_kill.o)
                0x00009630                _kill
 .text.error    0x00009650       0x1c /Applications/MCUXpressoIDE_24.12.148/ide/plugins/com.nxp.mcuxpresso.tools.macosx_24.12.0.202407110909/tools/bin/../lib/gcc/arm-none-eabi/13.2.1/../../../../arm-none-eabi/lib/thumb/v7-m/nofp/libcr_newlib_semihost.a(syscalls.o)
 .text.initialise_monitor_handles.part.0
                0x0000966c       0xa4 /Applications/MCUXpressoIDE_24.12.148/ide/plugins/com.nxp.mcuxpresso.tools.macosx_24.12.0.202407110909/tools/bin/../lib/gcc/arm-none-eabi/13.2.1/../../../../arm-none-eabi/lib/thumb/v7-m/nofp/libcr_newlib_semihost.a(syscalls.o)
 .text.findslot
                0x00009710       0x30 /Applications/MCUXpressoIDE_24.12.148/ide/plugins/com.nxp.mcuxpresso.tools.macosx_24.12.0.202407110909/tools/bin/../lib/gcc/arm-none-eabi/13.2.1/../../../../arm-none-eabi/lib/thumb/v7-m/nofp/libcr_newlib_semihost.a(syscalls.o)
 .text.checkerror
                0x00009740        0xa /Applications/MCUXpressoIDE_24.12.148/ide/plugins/com.nxp.mcuxpresso.tools.macosx_24.12.0.202407110909/tools/bin/../lib/gcc/arm-none-eabi/13.2.1/../../../../arm-none-eabi/lib/thumb/v7-m/nofp/libcr_newlib_semihost.a(syscalls.o)
 .text._swiread
                0x0000974a       0x20 /Applications/MCUXpressoIDE_24.12.148/ide/plugins/com.nxp.mcuxpresso.tools.macosx_24.12.0.202407110909/tools/bin/../lib/gcc/arm-none-eabi/13.2.1/../../../../arm-none-eabi/lib/thumb/v7-m/nofp/libcr_newlib_semihost.a(syscalls.o)
                0x0000974a                _swiread
 .text._read    0x0000976a       0x34 /Applications/MCUXpressoIDE_24.12.148/ide/plugins/com.nxp.mcuxpresso.tools.macosx_24.12.0.202407110909/tools/bin/../lib/gcc/arm-none-eabi/13.2.1/../../../../arm-none-eabi/lib/thumb/v7-m/nofp/libcr_newlib_semihost.a(syscalls.o)
                0x0000976a                _read
 .text._swilseek
                0x0000979e       0x78 /Applications/MCUXpressoIDE_24.12.148/ide/plugins/com.nxp.mcuxpresso.tools.macosx_24.12.0.202407110909/tools/bin/../lib/gcc/arm-none-eabi/13.2.1/../../../../arm-none-eabi/lib/thumb/v7-m/nofp/libcr_newlib_semihost.a(syscalls.o)
                0x0000979e                _swilseek
 .text._lseek   0x00009816        0x4 /Applications/MCUXpressoIDE_24.12.148/ide/plugins/com.nxp.mcuxpresso.tools.macosx_24.12.0.202407110909/tools/bin/../lib/gcc/arm-none-eabi/13.2.1/../../../../arm-none-eabi/lib/thumb/v7-m/nofp/libcr_newlib_semihost.a(syscalls.o)
                0x00009816                _lseek
 .text._swiwrite
                0x0000981a       0x20 /Applications/MCUXpressoIDE_24.12.148/ide/plugins/com.nxp.mcuxpresso.tools.macosx_24.12.0.202407110909/tools/bin/../lib/gcc/arm-none-eabi/13.2.1/../../../../arm-none-eabi/lib/thumb/v7-m/nofp/libcr_newlib_semihost.a(syscalls.o)
                0x0000981a                _swiwrite
 .text._write   0x0000983a       0x40 /Applications/MCUXpressoIDE_24.12.148/ide/plugins/com.nxp.mcuxpresso.tools.macosx_24.12.0.202407110909/tools/bin/../lib/gcc/arm-none-eabi/13.2.1/../../../../arm-none-eabi/lib/thumb/v7-m/nofp/libcr_newlib_semihost.a(syscalls.o)
                0x0000983a                _write
 .text._swiclose
                0x0000987a       0x1a /Applications/MCUXpressoIDE_24.12.148/ide/plugins/com.nxp.mcuxpresso.tools.macosx_24.12.0.202407110909/tools/bin/../lib/gcc/arm-none-eabi/13.2.1/../../../../arm-none-eabi/lib/thumb/v7-m/nofp/libcr_newlib_semihost.a(syscalls.o)
                0x0000987a                _swiclose
 .text._close   0x00009894       0x4c /Applications/MCUXpressoIDE_24.12.148/ide/plugins/com.nxp.mcuxpresso.tools.macosx_24.12.0.202407110909/tools/bin/../lib/gcc/arm-none-eabi/13.2.1/../../../../arm-none-eabi/lib/thumb/v7-m/nofp/libcr_newlib_semihost.a(syscalls.o)
                0x00009894                _close
 .text._getpid  0x000098e0        0x4 /Applications/MCUXpressoIDE_24.12.148/ide/plugins/com.nxp.mcuxpresso.tools.macosx_24.12.0.202407110909/tools/bin/../lib/gcc/arm-none-eabi/13.2.1/../../../../arm-none-eabi/lib/thumb/v7-m/nofp/libcr_newlib_semihost.a(syscalls.o)
                0x000098e0                _getpid
 .text._swistat
                0x000098e4       0x42 /Applications/MCUXpressoIDE_24.12.148/ide/plugins/com.nxp.mcuxpresso.tools.macosx_24.12.0.202407110909/tools/bin/../lib/gcc/arm-none-eabi/13.2.1/../../../../arm-none-eabi/lib/thumb/v7-m/nofp/libcr_newlib_semihost.a(syscalls.o)
                0x000098e4                _swistat
 .text._fstat   0x00009926       0x1c /Applications/MCUXpressoIDE_24.12.148/ide/plugins/com.nxp.mcuxpresso.tools.macosx_24.12.0.202407110909/tools/bin/../lib/gcc/arm-none-eabi/13.2.1/../../../../arm-none-eabi/lib/thumb/v7-m/nofp/libcr_newlib_semihost.a(syscalls.o)
                0x00009926                _fstat
 .text._isatty  0x00009942       0x2a /Applications/MCUXpressoIDE_24.12.148/ide/plugins/com.nxp.mcuxpresso.tools.macosx_24.12.0.202407110909/tools/bin/../lib/gcc/arm-none-eabi/13.2.1/../../../../arm-none-eabi/lib/thumb/v7-m/nofp/libcr_newlib_semihost.a(syscalls.o)
                0x00009942                _isatty
 .text.__check_heap_overflow
                0x0000996c       0x18 /Applications/MCUXpressoIDE_24.12.148/ide/plugins/com.nxp.mcuxpresso.tools.macosx_24.12.0.202407110909/tools/bin/../lib/gcc/arm-none-eabi/13.2.1/../../../../arm-none-eabi/lib/thumb/v7-m/nofp/libcr_newlib_semihost.a(_cr_check_heap.o)
                0x0000996c                __check_heap_overflow
 .text          0x00009984      0x378 /Applications/MCUXpressoIDE_24.12.148/ide/plugins/com.nxp.mcuxpresso.tools.macosx_24.12.0.202407110909/tools/bin/../lib/gcc/arm-none-eabi/13.2.1/thumb/v7-m/nofp/libgcc.a(_arm_addsubdf3.o)
                0x00009984                __aeabi_drsub
                0x0000998c                __subdf3
                0x0000998c                __aeabi_dsub
                0x00009990                __aeabi_dadd
                0x00009990                __adddf3
                0x00009c08                __aeabi_ui2d
                0x00009c08                __floatunsidf
                0x00009c28                __floatsidf
                0x00009c28                __aeabi_i2d
                0x00009c4c                __extendsfdf2
                0x00009c4c                __aeabi_f2d
                0x00009c90                __aeabi_ul2d
                0x00009c90                __floatundidf
                0x00009ca0                __aeabi_l2d
                0x00009ca0                __floatdidf
 .text          0x00009cfc      0x424 /Applications/MCUXpressoIDE_24.12.148/ide/plugins/com.nxp.mcuxpresso.tools.macosx_24.12.0.202407110909/tools/bin/../lib/gcc/arm-none-eabi/13.2.1/thumb/v7-m/nofp/libgcc.a(_arm_muldivdf3.o)
                0x00009cfc                __aeabi_dmul
                0x00009cfc                __muldf3
                0x00009f50                __aeabi_ddiv
                0x00009f50                __divdf3
 .text          0x0000a120      0x110 /Applications/MCUXpressoIDE_24.12.148/ide/plugins/com.nxp.mcuxpresso.tools.macosx_24.12.0.202407110909/tools/bin/../lib/gcc/arm-none-eabi/13.2.1/thumb/v7-m/nofp/libgcc.a(_arm_cmpdf2.o)
                0x0000a120                __gedf2
                0x0000a120                __gtdf2
                0x0000a128                __ledf2
                0x0000a128                __ltdf2
                0x0000a130                __cmpdf2
                0x0000a130                __eqdf2
                0x0000a130                __nedf2
                0x0000a1ac                __aeabi_cdrcmple
                0x0000a1bc                __aeabi_cdcmple
                0x0000a1bc                __aeabi_cdcmpeq
                0x0000a1cc                __aeabi_dcmpeq
                0x0000a1e0                __aeabi_dcmplt
                0x0000a1f4                __aeabi_dcmple
                0x0000a208                __aeabi_dcmpge
                0x0000a21c                __aeabi_dcmpgt
 .text          0x0000a230       0x2c /Applications/MCUXpressoIDE_24.12.148/ide/plugins/com.nxp.mcuxpresso.tools.macosx_24.12.0.202407110909/tools/bin/../lib/gcc/arm-none-eabi/13.2.1/thumb/v7-m/nofp/libgcc.a(_arm_unorddf2.o)
                0x0000a230                __aeabi_dcmpun
                0x0000a230                __unorddf2
 .text          0x0000a25c       0x50 /Applications/MCUXpressoIDE_24.12.148/ide/plugins/com.nxp.mcuxpresso.tools.macosx_24.12.0.202407110909/tools/bin/../lib/gcc/arm-none-eabi/13.2.1/thumb/v7-m/nofp/libgcc.a(_arm_fixdfsi.o)
                0x0000a25c                __fixdfsi
                0x0000a25c                __aeabi_d2iz
 *(.rodata .rodata.* .constdata .constdata.*)
 .rodata        0x0000a2ac      0x250 ./src/easyweb.o
                0x0000a2ac                GetResponse
                0x0000a2dc                MyIP
                0x0000a2e0                SubnetMask
                0x0000a2e4                GatewayIP
                0x0000a2e8                WebSide
 .rodata.str1.4
                0x0000a4fc      0x203 ./src/easyweb.o
                                 0x3c (size before relaxing)
 *fill*         0x0000a6ff        0x1 ff
 .rodata        0x0000a700        0x6 ./src/tcpip.o
                0x0000a700                MyMAC
 *fill*         0x0000a706        0x2 ff
 .rodata        0x0000a708        0x8 /Users/piotrwlazlo/Desktop/studia/4semestr/SystemyWbudowane/lpc17xx_xpr_bb_140609/Lib_EaBaseBoard/Debug/libLib_EaBaseBoard.a(oled.o)
 .rodata        0x0000a710      0x300 /Users/piotrwlazlo/Desktop/studia/4semestr/SystemyWbudowane/lpc17xx_xpr_bb_140609/Lib_EaBaseBoard/Debug/libLib_EaBaseBoard.a(font5x7.o)
                0x0000a710                font5x7
 .rodata.str1.4
                0x0000aa10        0xe /Users/piotrwlazlo/Desktop/studia/4semestr/SystemyWbudowane/lpc17xx_xpr_bb_140609/Lib_MCU/Debug/libLib_MCU.a(lpc17xx_ssp.o)
 .rodata._svfprintf_r.str1.4
                0x0000aa10       0x42 /Applications/MCUXpressoIDE_24.12.148/ide/plugins/com.nxp.mcuxpresso.tools.macosx_24.12.0.202407110909/tools/bin/../lib/gcc/arm-none-eabi/13.2.1/../../../../arm-none-eabi/lib/thumb/v7-m/nofp/libc.a(libc_a-svfprintf.o)
 .rodata.zeroes.0
                0x0000aa10       0x10 /Applications/MCUXpressoIDE_24.12.148/ide/plugins/com.nxp.mcuxpresso.tools.macosx_24.12.0.202407110909/tools/bin/../lib/gcc/arm-none-eabi/13.2.1/../../../../arm-none-eabi/lib/thumb/v7-m/nofp/libc.a(libc_a-svfprintf.o)
 .rodata.blanks.1
                0x0000aa20       0x10 /Applications/MCUXpressoIDE_24.12.148/ide/plugins/com.nxp.mcuxpresso.tools.macosx_24.12.0.202407110909/tools/bin/../lib/gcc/arm-none-eabi/13.2.1/../../../../arm-none-eabi/lib/thumb/v7-m/nofp/libc.a(libc_a-svfprintf.o)
 .rodata.str1.4
                0x0000aa30       0x4c /Applications/MCUXpressoIDE_24.12.148/ide/plugins/com.nxp.mcuxpresso.tools.macosx_24.12.0.202407110909/tools/bin/../lib/gcc/arm-none-eabi/13.2.1/../../../../arm-none-eabi/lib/thumb/v7-m/nofp/libc.a(libc_a-locale.o)
 .rodata._ctype_
                0x0000aa30      0x101 /Applications/MCUXpressoIDE_24.12.148/ide/plugins/com.nxp.mcuxpresso.tools.macosx_24.12.0.202407110909/tools/bin/../lib/gcc/arm-none-eabi/13.2.1/../../../../arm-none-eabi/lib/thumb/v7-m/nofp/libc.a(libc_a-ctype_.o)
                0x0000aa30                _ctype_
 .rodata._dtoa_r.str1.4
                0x0000ab31       0x89 /Applications/MCUXpressoIDE_24.12.148/ide/plugins/com.nxp.mcuxpresso.tools.macosx_24.12.0.202407110909/tools/bin/../lib/gcc/arm-none-eabi/13.2.1/../../../../arm-none-eabi/lib/thumb/v7-m/nofp/libc.a(libc_a-dtoa.o)
 .rodata.__multadd.str1.4
                0x0000ab31       0x76 /Applications/MCUXpressoIDE_24.12.148/ide/plugins/com.nxp.mcuxpresso.tools.macosx_24.12.0.202407110909/tools/bin/../lib/gcc/arm-none-eabi/13.2.1/../../../../arm-none-eabi/lib/thumb/v7-m/nofp/libc.a(libc_a-mprec.o)
 *fill*         0x0000ab31        0x3 ff
 .rodata.p05.0  0x0000ab34        0xc /Applications/MCUXpressoIDE_24.12.148/ide/plugins/com.nxp.mcuxpresso.tools.macosx_24.12.0.202407110909/tools/bin/../lib/gcc/arm-none-eabi/13.2.1/../../../../arm-none-eabi/lib/thumb/v7-m/nofp/libc.a(libc_a-mprec.o)
 .rodata.__mprec_bigtens
                0x0000ab40       0x28 /Applications/MCUXpressoIDE_24.12.148/ide/plugins/com.nxp.mcuxpresso.tools.macosx_24.12.0.202407110909/tools/bin/../lib/gcc/arm-none-eabi/13.2.1/../../../../arm-none-eabi/lib/thumb/v7-m/nofp/libc.a(libc_a-mprec.o)
                0x0000ab40                __mprec_bigtens
 .rodata.__mprec_tens
                0x0000ab68       0xc8 /Applications/MCUXpressoIDE_24.12.148/ide/plugins/com.nxp.mcuxpresso.tools.macosx_24.12.0.202407110909/tools/bin/../lib/gcc/arm-none-eabi/13.2.1/../../../../arm-none-eabi/lib/thumb/v7-m/nofp/libc.a(libc_a-mprec.o)
                0x0000ab68                __mprec_tens
 .rodata.__assert_func.str1.4
                0x0000ac30       0x43 /Applications/MCUXpressoIDE_24.12.148/ide/plugins/com.nxp.mcuxpresso.tools.macosx_24.12.0.202407110909/tools/bin/../lib/gcc/arm-none-eabi/13.2.1/../../../../arm-none-eabi/lib/thumb/v7-m/nofp/libc.a(libc_a-assert.o)
 .rodata._vfiprintf_r.str1.4
                0x0000ac30       0x2f /Applications/MCUXpressoIDE_24.12.148/ide/plugins/com.nxp.mcuxpresso.tools.macosx_24.12.0.202407110909/tools/bin/../lib/gcc/arm-none-eabi/13.2.1/../../../../arm-none-eabi/lib/thumb/v7-m/nofp/libc.a(libc_a-vfiprintf.o)
 .rodata.zeroes.0
                0x0000ac30       0x10 /Applications/MCUXpressoIDE_24.12.148/ide/plugins/com.nxp.mcuxpresso.tools.macosx_24.12.0.202407110909/tools/bin/../lib/gcc/arm-none-eabi/13.2.1/../../../../arm-none-eabi/lib/thumb/v7-m/nofp/libc.a(libc_a-vfiprintf.o)
 .rodata.blanks.1
                0x0000ac40       0x10 /Applications/MCUXpressoIDE_24.12.148/ide/plugins/com.nxp.mcuxpresso.tools.macosx_24.12.0.202407110909/tools/bin/../lib/gcc/arm-none-eabi/13.2.1/../../../../arm-none-eabi/lib/thumb/v7-m/nofp/libc.a(libc_a-vfiprintf.o)
 .rodata.initialise_monitor_handles.part.0.str1.1
                0x0000ac50        0x4 /Applications/MCUXpressoIDE_24.12.148/ide/plugins/com.nxp.mcuxpresso.tools.macosx_24.12.0.202407110909/tools/bin/../lib/gcc/arm-none-eabi/13.2.1/../../../../arm-none-eabi/lib/thumb/v7-m/nofp/libcr_newlib_semihost.a(syscalls.o)
                0x0000ac74                        . = ALIGN (0x4)

.glue_7         0x0000ac54        0x0
 .glue_7        0x0000ac54        0x0 linker stubs

.glue_7t        0x0000ac54        0x0
 .glue_7t       0x0000ac54        0x0 linker stubs

.vfp11_veneer   0x0000ac54        0x0
 .vfp11_veneer  0x0000ac54        0x0 linker stubs

.v4_bx          0x0000ac54        0x0
 .v4_bx         0x0000ac54        0x0 linker stubs

.iplt           0x0000ac54        0x0
 .iplt          0x0000ac54        0x0 ./src/cr_startup_lpc17.o

.ARM.extab
 *(.ARM.extab* .gnu.linkonce.armextab.*)

.ARM.exidx      0x0000ac54        0x8
                0x0000ac54                        __exidx_start = .
 *(.ARM.exidx* .gnu.linkonce.armexidx.*)
 .ARM.exidx     0x0000ac54        0x8 /Applications/MCUXpressoIDE_24.12.148/ide/plugins/com.nxp.mcuxpresso.tools.macosx_24.12.0.202407110909/tools/bin/../lib/gcc/arm-none-eabi/13.2.1/../../../../arm-none-eabi/lib/thumb/v7-m/nofp/libc.a(libc_a-memcpy.o)
                0x0000ac5c                        __exidx_end = .
                0x0000ac5c                        _etext = .

.rel.dyn        0x0000ac5c        0x0
 .rel.iplt      0x0000ac5c        0x0 ./src/cr_startup_lpc17.o

.data_RAM2      0x2007c000        0x0 load address 0x0000ac5c
 FILL mask 0xff
                [!provide]                        PROVIDE (__start_data_RAM2 = .)
                [!provide]                        PROVIDE (__start_data_RamAHB32 = .)
 *(.ramfunc.$RAM2)
 *(.ramfunc.$RamAHB32)
 *(.data.$RAM2)
 *(.data.$RamAHB32)
 *(.data.$RAM2.*)
 *(.data.$RamAHB32.*)
                0x2007c000                        . = ALIGN (0x4)
                [!provide]                        PROVIDE (__end_data_RAM2 = .)
                [!provide]                        PROVIDE (__end_data_RamAHB32 = .)

.uninit_RESERVED
                0x10000000        0x0
                0x10000000                        _start_uninit_RESERVED = .
 *(.bss.$RESERVED*)
                0x10000000                        . = ALIGN (0x4)
                0x10000000                        _end_uninit_RESERVED = .

.data           0x10000000      0x6b0 load address 0x0000ac5c
 FILL mask 0xff
                0x10000000                        _data = .
                [!provide]                        PROVIDE (__start_data_RAM = .)
                [!provide]                        PROVIDE (__start_data_RamLoc32 = .)
 *(vtable)
 *(.ramfunc*)
 *(CodeQuickAccess)
 *(DataQuickAccess)
 *(RamFunction)
 *(.data*)
 .data          0x10000000        0x4 ./src/easyweb.o
                0x10000000                aaScrollbar
 .data._impure_ptr
                0x10000004        0x4 /Applications/MCUXpressoIDE_24.12.148/ide/plugins/com.nxp.mcuxpresso.tools.macosx_24.12.0.202407110909/tools/bin/../lib/gcc/arm-none-eabi/13.2.1/../../../../arm-none-eabi/lib/thumb/v7-m/nofp/libc.a(libc_a-impure.o)
                0x10000004                _impure_ptr
 .data._impure_data
                0x10000008      0x120 /Applications/MCUXpressoIDE_24.12.148/ide/plugins/com.nxp.mcuxpresso.tools.macosx_24.12.0.202407110909/tools/bin/../lib/gcc/arm-none-eabi/13.2.1/../../../../arm-none-eabi/lib/thumb/v7-m/nofp/libc.a(libc_a-impure.o)
                0x10000008                _impure_data
 .data.__sglue  0x10000128        0xc /Applications/MCUXpressoIDE_24.12.148/ide/plugins/com.nxp.mcuxpresso.tools.macosx_24.12.0.202407110909/tools/bin/../lib/gcc/arm-none-eabi/13.2.1/../../../../arm-none-eabi/lib/thumb/v7-m/nofp/libc.a(libc_a-findfp.o)
                0x10000128                __sglue
 .data.__global_locale
                0x10000134      0x16c /Applications/MCUXpressoIDE_24.12.148/ide/plugins/com.nxp.mcuxpresso.tools.macosx_24.12.0.202407110909/tools/bin/../lib/gcc/arm-none-eabi/13.2.1/../../../../arm-none-eabi/lib/thumb/v7-m/nofp/libc.a(libc_a-locale.o)
                0x10000134                __global_locale
 .data.__malloc_sbrk_base
                0x100002a0        0x4 /Applications/MCUXpressoIDE_24.12.148/ide/plugins/com.nxp.mcuxpresso.tools.macosx_24.12.0.202407110909/tools/bin/../lib/gcc/arm-none-eabi/13.2.1/../../../../arm-none-eabi/lib/thumb/v7-m/nofp/libc.a(libc_a-mallocr.o)
                0x100002a0                __malloc_sbrk_base
 .data.__malloc_trim_threshold
                0x100002a4        0x4 /Applications/MCUXpressoIDE_24.12.148/ide/plugins/com.nxp.mcuxpresso.tools.macosx_24.12.0.202407110909/tools/bin/../lib/gcc/arm-none-eabi/13.2.1/../../../../arm-none-eabi/lib/thumb/v7-m/nofp/libc.a(libc_a-mallocr.o)
                0x100002a4                __malloc_trim_threshold
 .data.__malloc_av_
                0x100002a8      0x408 /Applications/MCUXpressoIDE_24.12.148/ide/plugins/com.nxp.mcuxpresso.tools.macosx_24.12.0.202407110909/tools/bin/../lib/gcc/arm-none-eabi/13.2.1/../../../../arm-none-eabi/lib/thumb/v7-m/nofp/libc.a(libc_a-mallocr.o)
                0x100002a8                __malloc_av_
                0x100006b0                        . = ALIGN (0x4)
                0x100006b0                        _edata = .
                [!provide]                        PROVIDE (__end_data_RAM = .)
                [!provide]                        PROVIDE (__end_data_RamLoc32 = .)

.igot.plt       0x100006b0        0x0 load address 0x0000b30c
 .igot.plt      0x100006b0        0x0 ./src/cr_startup_lpc17.o

.bss_RAM2       0x2007c000        0x0
                [!provide]                        PROVIDE (__start_bss_RAM2 = .)
                [!provide]                        PROVIDE (__start_bss_RamAHB32 = .)
 *(.bss.$RAM2)
 *(.bss.$RamAHB32)
 *(.bss.$RAM2.*)
 *(.bss.$RamAHB32.*)
                0x2007c000                        . = ALIGN ((. != 0x0)?0x4:0x1)
                [!provide]                        PROVIDE (__end_bss_RAM2 = .)
                [!provide]                        PROVIDE (__end_bss_RamAHB32 = .)

.bss            0x100006b0      0x9ac
                0x100006b0                        _bss = .
                [!provide]                        PROVIDE (__start_bss_RAM = .)
                [!provide]                        PROVIDE (__start_bss_RamLoc32 = .)
 *(.bss*)
 .bss           0x100006b0      0x3e4 ./src/easyweb.o
                0x100006b0                PWebSide
                0x100006b4                HTTPBytesToSend
                0x100006b8                HTTPStatus
                0x100006b9                TCPStateMachine
                0x100006ba                LastFrameSent
                0x100006bc                ISNGenHigh
                0x100006c0                TCPSeqNr
                0x100006c4                TCPUNASeqNr
                0x100006c8                TCPAckNr
                0x100006cc                TCPTimer
                0x100006cd                RetryCounter
                0x100006ce                RecdFrameLength
                0x100006d0                RecdFrameMAC
                0x100006d8                RecdFrameIP
                0x100006dc                RecdIPFrameLength
                0x100006e0                _TxFrame1
                0x10000918                _TxFrame2
                0x10000964                _RxTCPBuffer
                0x10000a64                TxFrame1Size
                0x10000a66                TxFrame2Size
                0x10000a67                TransmitControl
                0x10000a68                TCPFlags
                0x10000a6a                TCPRxDataCount
                0x10000a6c                TCPTxDataCount
                0x10000a6e                TCPLocalPort
                0x10000a70                TCPRemotePort
                0x10000a74                RemoteMAC
                0x10000a7c                RemoteIP
                0x10000a80                SocketStatus
                0x10000a84                ITM_RxBuffer
                0x10000a88                SystemCoreClock
                0x10000a8c                aaPagecounter
                0x10000a90                adcValue
 .bss           0x10000a94        0x8 ./src/ethmac.o
 .bss           0x10000a9c        0x8 ./src/ew_systick.o
                0x10000a9c                TimeTick
                0x10000aa0                TimeTick2
 .bss           0x10000aa4      0x400 /Users/piotrwlazlo/Desktop/studia/4semestr/SystemyWbudowane/lpc17xx_xpr_bb_140609/Lib_EaBaseBoard/Debug/libLib_EaBaseBoard.a(oled.o)
 .bss.__sf      0x10000ea4      0x138 /Applications/MCUXpressoIDE_24.12.148/ide/plugins/com.nxp.mcuxpresso.tools.macosx_24.12.0.202407110909/tools/bin/../lib/gcc/arm-none-eabi/13.2.1/../../../../arm-none-eabi/lib/thumb/v7-m/nofp/libc.a(libc_a-findfp.o)
                0x10000ea4                __sf
 .bss.__stdio_exit_handler
                0x10000fdc        0x4 /Applications/MCUXpressoIDE_24.12.148/ide/plugins/com.nxp.mcuxpresso.tools.macosx_24.12.0.202407110909/tools/bin/../lib/gcc/arm-none-eabi/13.2.1/../../../../arm-none-eabi/lib/thumb/v7-m/nofp/libc.a(libc_a-findfp.o)
                0x10000fdc                __stdio_exit_handler
 .bss.__lock___malloc_recursive_mutex
                0x10000fe0        0x1 /Applications/MCUXpressoIDE_24.12.148/ide/plugins/com.nxp.mcuxpresso.tools.macosx_24.12.0.202407110909/tools/bin/../lib/gcc/arm-none-eabi/13.2.1/../../../../arm-none-eabi/lib/thumb/v7-m/nofp/libc.a(libc_a-lock.o)
                0x10000fe0                __lock___malloc_recursive_mutex
 *fill*         0x10000fe1        0x3 
 .bss.__lock___sfp_recursive_mutex
                0x10000fe4        0x1 /Applications/MCUXpressoIDE_24.12.148/ide/plugins/com.nxp.mcuxpresso.tools.macosx_24.12.0.202407110909/tools/bin/../lib/gcc/arm-none-eabi/13.2.1/../../../../arm-none-eabi/lib/thumb/v7-m/nofp/libc.a(libc_a-lock.o)
                0x10000fe4                __lock___sfp_recursive_mutex
 *fill*         0x10000fe5        0x3 
 .bss.__malloc_current_mallinfo
                0x10000fe8       0x28 /Applications/MCUXpressoIDE_24.12.148/ide/plugins/com.nxp.mcuxpresso.tools.macosx_24.12.0.202407110909/tools/bin/../lib/gcc/arm-none-eabi/13.2.1/../../../../arm-none-eabi/lib/thumb/v7-m/nofp/libc.a(libc_a-mallocr.o)
                0x10000fe8                __malloc_current_mallinfo
 .bss.__malloc_max_total_mem
                0x10001010        0x4 /Applications/MCUXpressoIDE_24.12.148/ide/plugins/com.nxp.mcuxpresso.tools.macosx_24.12.0.202407110909/tools/bin/../lib/gcc/arm-none-eabi/13.2.1/../../../../arm-none-eabi/lib/thumb/v7-m/nofp/libc.a(libc_a-mallocr.o)
                0x10001010                __malloc_max_total_mem
 .bss.__malloc_max_sbrked_mem
                0x10001014        0x4 /Applications/MCUXpressoIDE_24.12.148/ide/plugins/com.nxp.mcuxpresso.tools.macosx_24.12.0.202407110909/tools/bin/../lib/gcc/arm-none-eabi/13.2.1/../../../../arm-none-eabi/lib/thumb/v7-m/nofp/libc.a(libc_a-mallocr.o)
                0x10001014                __malloc_max_sbrked_mem
 .bss.__malloc_top_pad
                0x10001018        0x4 /Applications/MCUXpressoIDE_24.12.148/ide/plugins/com.nxp.mcuxpresso.tools.macosx_24.12.0.202407110909/tools/bin/../lib/gcc/arm-none-eabi/13.2.1/../../../../arm-none-eabi/lib/thumb/v7-m/nofp/libc.a(libc_a-mallocr.o)
                0x10001018                __malloc_top_pad
 .bss.errno     0x1000101c        0x4 /Applications/MCUXpressoIDE_24.12.148/ide/plugins/com.nxp.mcuxpresso.tools.macosx_24.12.0.202407110909/tools/bin/../lib/gcc/arm-none-eabi/13.2.1/../../../../arm-none-eabi/lib/thumb/v7-m/nofp/libc.a(libc_a-reent.o)
                0x1000101c                errno
 .bss.__end_of_heap
                0x10001020        0x4 /Applications/MCUXpressoIDE_24.12.148/ide/plugins/com.nxp.mcuxpresso.tools.macosx_24.12.0.202407110909/tools/bin/../lib/gcc/arm-none-eabi/13.2.1/../../../../arm-none-eabi/lib/thumb/v7-m/nofp/libcr_newlib_semihost.a(_cr_sbrk.o)
                0x10001020                __end_of_heap
 .bss.initialized.0
                0x10001024        0x4 /Applications/MCUXpressoIDE_24.12.148/ide/plugins/com.nxp.mcuxpresso.tools.macosx_24.12.0.202407110909/tools/bin/../lib/gcc/arm-none-eabi/13.2.1/../../../../arm-none-eabi/lib/thumb/v7-m/nofp/libcr_newlib_semihost.a(syscalls.o)
 .bss.monitor_stderr
                0x10001028        0x4 /Applications/MCUXpressoIDE_24.12.148/ide/plugins/com.nxp.mcuxpresso.tools.macosx_24.12.0.202407110909/tools/bin/../lib/gcc/arm-none-eabi/13.2.1/../../../../arm-none-eabi/lib/thumb/v7-m/nofp/libcr_newlib_semihost.a(syscalls.o)
 .bss.monitor_stdout
                0x1000102c        0x4 /Applications/MCUXpressoIDE_24.12.148/ide/plugins/com.nxp.mcuxpresso.tools.macosx_24.12.0.202407110909/tools/bin/../lib/gcc/arm-none-eabi/13.2.1/../../../../arm-none-eabi/lib/thumb/v7-m/nofp/libcr_newlib_semihost.a(syscalls.o)
 .bss.monitor_stdin
                0x10001030        0x4 /Applications/MCUXpressoIDE_24.12.148/ide/plugins/com.nxp.mcuxpresso.tools.macosx_24.12.0.202407110909/tools/bin/../lib/gcc/arm-none-eabi/13.2.1/../../../../arm-none-eabi/lib/thumb/v7-m/nofp/libcr_newlib_semihost.a(syscalls.o)
 .bss.openfiles
                0x10001034       0x28 /Applications/MCUXpressoIDE_24.12.148/ide/plugins/com.nxp.mcuxpresso.tools.macosx_24.12.0.202407110909/tools/bin/../lib/gcc/arm-none-eabi/13.2.1/../../../../arm-none-eabi/lib/thumb/v7-m/nofp/libcr_newlib_semihost.a(syscalls.o)
 *(COMMON)
                0x1000105c                        . = ALIGN (0x4)
                0x1000105c                        _ebss = .
                [!provide]                        PROVIDE (__end_bss_RAM = .)
                [!provide]                        PROVIDE (__end_bss_RamLoc32 = .)
                [!provide]                        PROVIDE (end = .)

.noinit_RAM2    0x2007c000        0x0
                [!provide]                        PROVIDE (__start_noinit_RAM2 = .)
                [!provide]                        PROVIDE (__start_noinit_RamAHB32 = .)
 *(.noinit.$RAM2)
 *(.noinit.$RamAHB32)
 *(.noinit.$RAM2.*)
 *(.noinit.$RamAHB32.*)
                0x2007c000                        . = ALIGN (0x4)
                [!provide]                        PROVIDE (__end_noinit_RAM2 = .)
                [!provide]                        PROVIDE (__end_noinit_RamAHB32 = .)

.noinit         0x1000105c        0x0
                0x1000105c                        _noinit = .
                [!provide]                        PROVIDE (__start_noinit_RAM = .)
                [!provide]                        PROVIDE (__start_noinit_RamLoc32 = .)
 *(.noinit*)
                0x1000105c                        . = ALIGN (0x4)
                0x1000105c                        _end_noinit = .
                [!provide]                        PROVIDE (__end_noinit_RAM = .)
                [!provide]                        PROVIDE (__end_noinit_RamLoc32 = .)
                0x1000105c                        PROVIDE (_pvHeapStart = DEFINED (__user_heap_base)?__user_heap_base:.)
                0x10008000                        PROVIDE (_vStackTop = DEFINED (__user_stack_top)?__user_stack_top:(__top_RamLoc32 - 0x0))
                [!provide]                        PROVIDE (__valid_user_code_checksum = (0x0 - ((((((_vStackTop + (ResetISR + 0x1)) + (NMI_Handler + 0x1)) + (HardFault_Handler + 0x1)) + (DEFINED (MemManage_Handler)?MemManage_Handler:0x0 + 0x1)) + (DEFINED (BusFault_Handler)?BusFault_Handler:0x0 + 0x1)) + (DEFINED (UsageFault_Handler)?UsageFault_Handler:0x0 + 0x1))))
                0x00000000                        _image_start = LOADADDR (.text)
                0x0000b30c                        _image_end = (LOADADDR (.data) + SIZEOF (.data))
                0x0000b30c                        _image_size = (_image_end - _image_start)
OUTPUT(easyweb.axf elf32-littlearm)
LOAD linker stubs

.debug_info     0x00000000     0x5934
 .debug_info    0x00000000      0x1f7 ./src/cr_startup_lpc17.o
 .debug_info    0x000001f7      0x8b3 ./src/easyweb.o
 .debug_info    0x00000aaa      0xb21 ./src/ethmac.o
 .debug_info    0x000015cb      0x85b ./src/ew_systick.o
 .debug_info    0x00001e26      0xc92 ./src/tcpip.o
 .debug_info    0x00002ab8      0x2fb /Users/piotrwlazlo/Desktop/studia/4semestr/SystemyWbudowane/lpc17xx_xpr_bb_140609/Lib_CMSISv1p30_LPC17xx/Debug/libCMSISv1p30_LPC17xx.a(system_LPC17xx.o)
 .debug_info    0x00002db3      0xa95 /Users/piotrwlazlo/Desktop/studia/4semestr/SystemyWbudowane/lpc17xx_xpr_bb_140609/Lib_EaBaseBoard/Debug/libLib_EaBaseBoard.a(oled.o)
 .debug_info    0x00003848       0x62 /Users/piotrwlazlo/Desktop/studia/4semestr/SystemyWbudowane/lpc17xx_xpr_bb_140609/Lib_EaBaseBoard/Debug/libLib_EaBaseBoard.a(font5x7.o)
 .debug_info    0x000038aa      0xdc4 /Users/piotrwlazlo/Desktop/studia/4semestr/SystemyWbudowane/lpc17xx_xpr_bb_140609/Lib_MCU/Debug/libLib_MCU.a(lpc17xx_gpio.o)
 .debug_info    0x0000466e      0x477 /Users/piotrwlazlo/Desktop/studia/4semestr/SystemyWbudowane/lpc17xx_xpr_bb_140609/Lib_MCU/Debug/libLib_MCU.a(lpc17xx_pinsel.o)
 .debug_info    0x00004ae5      0x7a5 /Users/piotrwlazlo/Desktop/studia/4semestr/SystemyWbudowane/lpc17xx_xpr_bb_140609/Lib_MCU/Debug/libLib_MCU.a(lpc17xx_ssp.o)
 .debug_info    0x0000528a      0x5e0 /Users/piotrwlazlo/Desktop/studia/4semestr/SystemyWbudowane/lpc17xx_xpr_bb_140609/Lib_MCU/Debug/libLib_MCU.a(lpc17xx_clkpwr.o)
 .debug_info    0x0000586a       0xca /Users/piotrwlazlo/Desktop/studia/4semestr/SystemyWbudowane/lpc17xx_xpr_bb_140609/Lib_MCU/Debug/libLib_MCU.a(lpc17xx_libcfg_default.o)

.debug_abbrev   0x00000000     0x16bb
 .debug_abbrev  0x00000000       0xec ./src/cr_startup_lpc17.o
 .debug_abbrev  0x000000ec      0x262 ./src/easyweb.o
 .debug_abbrev  0x0000034e      0x28e ./src/ethmac.o
 .debug_abbrev  0x000005dc      0x1f4 ./src/ew_systick.o
 .debug_abbrev  0x000007d0      0x31d ./src/tcpip.o
 .debug_abbrev  0x00000aed       0xf4 /Users/piotrwlazlo/Desktop/studia/4semestr/SystemyWbudowane/lpc17xx_xpr_bb_140609/Lib_CMSISv1p30_LPC17xx/Debug/libCMSISv1p30_LPC17xx.a(system_LPC17xx.o)
 .debug_abbrev  0x00000be1      0x284 /Users/piotrwlazlo/Desktop/studia/4semestr/SystemyWbudowane/lpc17xx_xpr_bb_140609/Lib_EaBaseBoard/Debug/libLib_EaBaseBoard.a(oled.o)
 .debug_abbrev  0x00000e65       0x4a /Users/piotrwlazlo/Desktop/studia/4semestr/SystemyWbudowane/lpc17xx_xpr_bb_140609/Lib_EaBaseBoard/Debug/libLib_EaBaseBoard.a(font5x7.o)
 .debug_abbrev  0x00000eaf      0x239 /Users/piotrwlazlo/Desktop/studia/4semestr/SystemyWbudowane/lpc17xx_xpr_bb_140609/Lib_MCU/Debug/libLib_MCU.a(lpc17xx_gpio.o)
 .debug_abbrev  0x000010e8      0x164 /Users/piotrwlazlo/Desktop/studia/4semestr/SystemyWbudowane/lpc17xx_xpr_bb_140609/Lib_MCU/Debug/libLib_MCU.a(lpc17xx_pinsel.o)
 .debug_abbrev  0x0000124c      0x228 /Users/piotrwlazlo/Desktop/studia/4semestr/SystemyWbudowane/lpc17xx_xpr_bb_140609/Lib_MCU/Debug/libLib_MCU.a(lpc17xx_ssp.o)
 .debug_abbrev  0x00001474      0x1d5 /Users/piotrwlazlo/Desktop/studia/4semestr/SystemyWbudowane/lpc17xx_xpr_bb_140609/Lib_MCU/Debug/libLib_MCU.a(lpc17xx_clkpwr.o)
 .debug_abbrev  0x00001649       0x72 /Users/piotrwlazlo/Desktop/studia/4semestr/SystemyWbudowane/lpc17xx_xpr_bb_140609/Lib_MCU/Debug/libLib_MCU.a(lpc17xx_libcfg_default.o)

.debug_aranges  0x00000000      0x5c8
 .debug_aranges
                0x00000000       0x70 ./src/cr_startup_lpc17.o
 .debug_aranges
                0x00000070       0x40 ./src/easyweb.o
 .debug_aranges
                0x000000b0       0x88 ./src/ethmac.o
 .debug_aranges
                0x00000138       0x38 ./src/ew_systick.o
 .debug_aranges
                0x00000170      0x108 ./src/tcpip.o
 .debug_aranges
                0x00000278       0x28 /Users/piotrwlazlo/Desktop/studia/4semestr/SystemyWbudowane/lpc17xx_xpr_bb_140609/Lib_CMSISv1p30_LPC17xx/Debug/libCMSISv1p30_LPC17xx.a(system_LPC17xx.o)
 .debug_aranges
                0x000002a0       0xa8 /Users/piotrwlazlo/Desktop/studia/4semestr/SystemyWbudowane/lpc17xx_xpr_bb_140609/Lib_EaBaseBoard/Debug/libLib_EaBaseBoard.a(oled.o)
 .debug_aranges
                0x00000348       0x18 /Users/piotrwlazlo/Desktop/studia/4semestr/SystemyWbudowane/lpc17xx_xpr_bb_140609/Lib_EaBaseBoard/Debug/libLib_EaBaseBoard.a(font5x7.o)
 .debug_aranges
                0x00000360       0xf8 /Users/piotrwlazlo/Desktop/studia/4semestr/SystemyWbudowane/lpc17xx_xpr_bb_140609/Lib_MCU/Debug/libLib_MCU.a(lpc17xx_gpio.o)
 .debug_aranges
                0x00000458       0x48 /Users/piotrwlazlo/Desktop/studia/4semestr/SystemyWbudowane/lpc17xx_xpr_bb_140609/Lib_MCU/Debug/libLib_MCU.a(lpc17xx_pinsel.o)
 .debug_aranges
                0x000004a0       0xa8 /Users/piotrwlazlo/Desktop/studia/4semestr/SystemyWbudowane/lpc17xx_xpr_bb_140609/Lib_MCU/Debug/libLib_MCU.a(lpc17xx_ssp.o)
 .debug_aranges
                0x00000548       0x60 /Users/piotrwlazlo/Desktop/studia/4semestr/SystemyWbudowane/lpc17xx_xpr_bb_140609/Lib_MCU/Debug/libLib_MCU.a(lpc17xx_clkpwr.o)
 .debug_aranges
                0x000005a8       0x20 /Users/piotrwlazlo/Desktop/studia/4semestr/SystemyWbudowane/lpc17xx_xpr_bb_140609/Lib_MCU/Debug/libLib_MCU.a(lpc17xx_libcfg_default.o)

.debug_ranges   0x00000000      0x4f0
 .debug_ranges  0x00000000       0x60 ./src/cr_startup_lpc17.o
 .debug_ranges  0x00000060       0x30 ./src/easyweb.o
 .debug_ranges  0x00000090       0x78 ./src/ethmac.o
 .debug_ranges  0x00000108       0x28 ./src/ew_systick.o
 .debug_ranges  0x00000130       0xf8 ./src/tcpip.o
 .debug_ranges  0x00000228       0x18 /Users/piotrwlazlo/Desktop/studia/4semestr/SystemyWbudowane/lpc17xx_xpr_bb_140609/Lib_CMSISv1p30_LPC17xx/Debug/libCMSISv1p30_LPC17xx.a(system_LPC17xx.o)
 .debug_ranges  0x00000240       0x98 /Users/piotrwlazlo/Desktop/studia/4semestr/SystemyWbudowane/lpc17xx_xpr_bb_140609/Lib_EaBaseBoard/Debug/libLib_EaBaseBoard.a(oled.o)
 .debug_ranges  0x000002d8       0xe8 /Users/piotrwlazlo/Desktop/studia/4semestr/SystemyWbudowane/lpc17xx_xpr_bb_140609/Lib_MCU/Debug/libLib_MCU.a(lpc17xx_gpio.o)
 .debug_ranges  0x000003c0       0x38 /Users/piotrwlazlo/Desktop/studia/4semestr/SystemyWbudowane/lpc17xx_xpr_bb_140609/Lib_MCU/Debug/libLib_MCU.a(lpc17xx_pinsel.o)
 .debug_ranges  0x000003f8       0x98 /Users/piotrwlazlo/Desktop/studia/4semestr/SystemyWbudowane/lpc17xx_xpr_bb_140609/Lib_MCU/Debug/libLib_MCU.a(lpc17xx_ssp.o)
 .debug_ranges  0x00000490       0x50 /Users/piotrwlazlo/Desktop/studia/4semestr/SystemyWbudowane/lpc17xx_xpr_bb_140609/Lib_MCU/Debug/libLib_MCU.a(lpc17xx_clkpwr.o)
 .debug_ranges  0x000004e0       0x10 /Users/piotrwlazlo/Desktop/studia/4semestr/SystemyWbudowane/lpc17xx_xpr_bb_140609/Lib_MCU/Debug/libLib_MCU.a(lpc17xx_libcfg_default.o)

.debug_macro    0x00000000     0x6bcb
 .debug_macro   0x00000000       0x79 ./src/cr_startup_lpc17.o
 .debug_macro   0x00000079      0xad8 ./src/cr_startup_lpc17.o
 .debug_macro   0x00000b51       0x22 ./src/cr_startup_lpc17.o
 .debug_macro   0x00000b73       0x8e ./src/cr_startup_lpc17.o
 .debug_macro   0x00000c01       0x51 ./src/cr_startup_lpc17.o
 .debug_macro   0x00000c52      0x103 ./src/cr_startup_lpc17.o
 .debug_macro   0x00000d55       0x6a ./src/cr_startup_lpc17.o
 .debug_macro   0x00000dbf      0x1df ./src/cr_startup_lpc17.o
 .debug_macro   0x00000f9e      0x1fc ./src/easyweb.o
 .debug_macro   0x0000119a       0x24 ./src/easyweb.o
 .debug_macro   0x000011be       0x75 ./src/easyweb.o
 .debug_macro   0x00001233       0x94 ./src/easyweb.o
 .debug_macro   0x000012c7       0x3c ./src/easyweb.o
 .debug_macro   0x00001303       0x34 ./src/easyweb.o
 .debug_macro   0x00001337       0x16 ./src/easyweb.o
 .debug_macro   0x0000134d      0x11c ./src/easyweb.o
 .debug_macro   0x00001469       0x9b ./src/easyweb.o
 .debug_macro   0x00001504       0x57 ./src/easyweb.o
 .debug_macro   0x0000155b      0x370 ./src/easyweb.o
 .debug_macro   0x000018cb       0x16 ./src/easyweb.o
 .debug_macro   0x000018e1       0x4a ./src/easyweb.o
 .debug_macro   0x0000192b       0x34 ./src/easyweb.o
 .debug_macro   0x0000195f       0x10 ./src/easyweb.o
 .debug_macro   0x0000196f       0x58 ./src/easyweb.o
 .debug_macro   0x000019c7      0x1de ./src/easyweb.o
 .debug_macro   0x00001ba5       0x16 ./src/easyweb.o
 .debug_macro   0x00001bbb       0x29 ./src/easyweb.o
 .debug_macro   0x00001be4       0x1c ./src/easyweb.o
 .debug_macro   0x00001c00       0x3c ./src/easyweb.o
 .debug_macro   0x00001c3c       0x10 ./src/easyweb.o
 .debug_macro   0x00001c4c       0x1c ./src/easyweb.o
 .debug_macro   0x00001c68       0x16 ./src/easyweb.o
 .debug_macro   0x00001c7e      0x170 ./src/easyweb.o
 .debug_macro   0x00001dee       0x16 ./src/easyweb.o
 .debug_macro   0x00001e04       0x10 ./src/easyweb.o
 .debug_macro   0x00001e14      0x5ec ./src/easyweb.o
 .debug_macro   0x00002400      0x2db ./src/easyweb.o
 .debug_macro   0x000026db       0x1c ./src/easyweb.o
 .debug_macro   0x000026f7       0x22 ./src/easyweb.o
 .debug_macro   0x00002719      0x7b7 ./src/easyweb.o
 .debug_macro   0x00002ed0      0x2c7 ./src/easyweb.o
 .debug_macro   0x00003197       0x5d ./src/easyweb.o
 .debug_macro   0x000031f4      0x140 ./src/easyweb.o
 .debug_macro   0x00003334       0x46 ./src/easyweb.o
 .debug_macro   0x0000337a      0x2a6 ./src/easyweb.o
 .debug_macro   0x00003620       0x16 ./src/easyweb.o
 .debug_macro   0x00003636       0xb3 ./src/ethmac.o
 .debug_macro   0x000036e9       0x89 ./src/ew_systick.o
 .debug_macro   0x00003772      0x154 ./src/tcpip.o
 .debug_macro   0x000038c6      0x190 ./src/tcpip.o
 .debug_macro   0x00003a56       0x10 ./src/tcpip.o
 .debug_macro   0x00003a66      0x113 /Users/piotrwlazlo/Desktop/studia/4semestr/SystemyWbudowane/lpc17xx_xpr_bb_140609/Lib_CMSISv1p30_LPC17xx/Debug/libCMSISv1p30_LPC17xx.a(system_LPC17xx.o)
 .debug_macro   0x00003b79      0xad2 /Users/piotrwlazlo/Desktop/studia/4semestr/SystemyWbudowane/lpc17xx_xpr_bb_140609/Lib_CMSISv1p30_LPC17xx/Debug/libCMSISv1p30_LPC17xx.a(system_LPC17xx.o)
 .debug_macro   0x0000464b       0x10 /Users/piotrwlazlo/Desktop/studia/4semestr/SystemyWbudowane/lpc17xx_xpr_bb_140609/Lib_CMSISv1p30_LPC17xx/Debug/libCMSISv1p30_LPC17xx.a(system_LPC17xx.o)
 .debug_macro   0x0000465b      0x12e /Users/piotrwlazlo/Desktop/studia/4semestr/SystemyWbudowane/lpc17xx_xpr_bb_140609/Lib_CMSISv1p30_LPC17xx/Debug/libCMSISv1p30_LPC17xx.a(system_LPC17xx.o)
 .debug_macro   0x00004789      0x5b3 /Users/piotrwlazlo/Desktop/studia/4semestr/SystemyWbudowane/lpc17xx_xpr_bb_140609/Lib_CMSISv1p30_LPC17xx/Debug/libCMSISv1p30_LPC17xx.a(system_LPC17xx.o)
 .debug_macro   0x00004d3c      0x7d5 /Users/piotrwlazlo/Desktop/studia/4semestr/SystemyWbudowane/lpc17xx_xpr_bb_140609/Lib_CMSISv1p30_LPC17xx/Debug/libCMSISv1p30_LPC17xx.a(system_LPC17xx.o)
 .debug_macro   0x00005511       0xdd /Users/piotrwlazlo/Desktop/studia/4semestr/SystemyWbudowane/lpc17xx_xpr_bb_140609/Lib_EaBaseBoard/Debug/libLib_EaBaseBoard.a(oled.o)
 .debug_macro   0x000055ee       0x40 /Users/piotrwlazlo/Desktop/studia/4semestr/SystemyWbudowane/lpc17xx_xpr_bb_140609/Lib_EaBaseBoard/Debug/libLib_EaBaseBoard.a(oled.o)
 .debug_macro   0x0000562e      0x192 /Users/piotrwlazlo/Desktop/studia/4semestr/SystemyWbudowane/lpc17xx_xpr_bb_140609/Lib_EaBaseBoard/Debug/libLib_EaBaseBoard.a(oled.o)
 .debug_macro   0x000057c0       0x1a /Users/piotrwlazlo/Desktop/studia/4semestr/SystemyWbudowane/lpc17xx_xpr_bb_140609/Lib_EaBaseBoard/Debug/libLib_EaBaseBoard.a(font5x7.o)
 .debug_macro   0x000057da      0x696 /Users/piotrwlazlo/Desktop/studia/4semestr/SystemyWbudowane/lpc17xx_xpr_bb_140609/Lib_EaBaseBoard/Debug/libLib_EaBaseBoard.a(font5x7.o)
 .debug_macro   0x00005e70       0x83 /Users/piotrwlazlo/Desktop/studia/4semestr/SystemyWbudowane/lpc17xx_xpr_bb_140609/Lib_MCU/Debug/libLib_MCU.a(lpc17xx_gpio.o)
 .debug_macro   0x00005ef3       0x64 /Users/piotrwlazlo/Desktop/studia/4semestr/SystemyWbudowane/lpc17xx_xpr_bb_140609/Lib_MCU/Debug/libLib_MCU.a(lpc17xx_gpio.o)
 .debug_macro   0x00005f57       0xda /Users/piotrwlazlo/Desktop/studia/4semestr/SystemyWbudowane/lpc17xx_xpr_bb_140609/Lib_MCU/Debug/libLib_MCU.a(lpc17xx_gpio.o)
 .debug_macro   0x00006031       0x7a /Users/piotrwlazlo/Desktop/studia/4semestr/SystemyWbudowane/lpc17xx_xpr_bb_140609/Lib_MCU/Debug/libLib_MCU.a(lpc17xx_pinsel.o)
 .debug_macro   0x000060ab       0x8c /Users/piotrwlazlo/Desktop/studia/4semestr/SystemyWbudowane/lpc17xx_xpr_bb_140609/Lib_MCU/Debug/libLib_MCU.a(lpc17xx_ssp.o)
 .debug_macro   0x00006137      0x2a0 /Users/piotrwlazlo/Desktop/studia/4semestr/SystemyWbudowane/lpc17xx_xpr_bb_140609/Lib_MCU/Debug/libLib_MCU.a(lpc17xx_ssp.o)
 .debug_macro   0x000063d7      0x2fa /Users/piotrwlazlo/Desktop/studia/4semestr/SystemyWbudowane/lpc17xx_xpr_bb_140609/Lib_MCU/Debug/libLib_MCU.a(lpc17xx_ssp.o)
 .debug_macro   0x000066d1       0x7a /Users/piotrwlazlo/Desktop/studia/4semestr/SystemyWbudowane/lpc17xx_xpr_bb_140609/Lib_MCU/Debug/libLib_MCU.a(lpc17xx_clkpwr.o)
 .debug_macro   0x0000674b      0x2f4 /Users/piotrwlazlo/Desktop/studia/4semestr/SystemyWbudowane/lpc17xx_xpr_bb_140609/Lib_MCU/Debug/libLib_MCU.a(lpc17xx_clkpwr.o)
 .debug_macro   0x00006a3f       0x5a /Users/piotrwlazlo/Desktop/studia/4semestr/SystemyWbudowane/lpc17xx_xpr_bb_140609/Lib_MCU/Debug/libLib_MCU.a(lpc17xx_libcfg_default.o)
 .debug_macro   0x00006a99       0x5e /Users/piotrwlazlo/Desktop/studia/4semestr/SystemyWbudowane/lpc17xx_xpr_bb_140609/Lib_MCU/Debug/libLib_MCU.a(lpc17xx_libcfg_default.o)
 .debug_macro   0x00006af7       0xd4 /Users/piotrwlazlo/Desktop/studia/4semestr/SystemyWbudowane/lpc17xx_xpr_bb_140609/Lib_MCU/Debug/libLib_MCU.a(lpc17xx_libcfg_default.o)

.debug_line     0x00000000     0x4f14
 .debug_line    0x00000000      0x45b ./src/cr_startup_lpc17.o
 .debug_line    0x0000045b      0x725 ./src/easyweb.o
 .debug_line    0x00000b80      0x842 ./src/ethmac.o
 .debug_line    0x000013c2      0x434 ./src/ew_systick.o
 .debug_line    0x000017f6      0xe55 ./src/tcpip.o
 .debug_line    0x0000264b      0x430 /Users/piotrwlazlo/Desktop/studia/4semestr/SystemyWbudowane/lpc17xx_xpr_bb_140609/Lib_CMSISv1p30_LPC17xx/Debug/libCMSISv1p30_LPC17xx.a(system_LPC17xx.o)
 .debug_line    0x00002a7b      0x8d9 /Users/piotrwlazlo/Desktop/studia/4semestr/SystemyWbudowane/lpc17xx_xpr_bb_140609/Lib_EaBaseBoard/Debug/libLib_EaBaseBoard.a(oled.o)
 .debug_line    0x00003354       0xa7 /Users/piotrwlazlo/Desktop/studia/4semestr/SystemyWbudowane/lpc17xx_xpr_bb_140609/Lib_EaBaseBoard/Debug/libLib_EaBaseBoard.a(font5x7.o)
 .debug_line    0x000033fb      0x7a0 /Users/piotrwlazlo/Desktop/studia/4semestr/SystemyWbudowane/lpc17xx_xpr_bb_140609/Lib_MCU/Debug/libLib_MCU.a(lpc17xx_gpio.o)
 .debug_line    0x00003b9b      0x3d3 /Users/piotrwlazlo/Desktop/studia/4semestr/SystemyWbudowane/lpc17xx_xpr_bb_140609/Lib_MCU/Debug/libLib_MCU.a(lpc17xx_pinsel.o)
 .debug_line    0x00003f6e      0x949 /Users/piotrwlazlo/Desktop/studia/4semestr/SystemyWbudowane/lpc17xx_xpr_bb_140609/Lib_MCU/Debug/libLib_MCU.a(lpc17xx_ssp.o)
 .debug_line    0x000048b7      0x442 /Users/piotrwlazlo/Desktop/studia/4semestr/SystemyWbudowane/lpc17xx_xpr_bb_140609/Lib_MCU/Debug/libLib_MCU.a(lpc17xx_clkpwr.o)
 .debug_line    0x00004cf9      0x21b /Users/piotrwlazlo/Desktop/studia/4semestr/SystemyWbudowane/lpc17xx_xpr_bb_140609/Lib_MCU/Debug/libLib_MCU.a(lpc17xx_libcfg_default.o)

.debug_str      0x00000000    0x14aea
 .debug_str     0x00000000    0x14aea ./src/cr_startup_lpc17.o
                               0x3eed (size before relaxing)
 .debug_str     0x00014aea     0xf11e ./src/easyweb.o
 .debug_str     0x00014aea     0xa324 ./src/ethmac.o
 .debug_str     0x00014aea     0x81e7 ./src/ew_systick.o
 .debug_str     0x00014aea     0xd310 ./src/tcpip.o
 .debug_str     0x00014aea     0x8902 /Users/piotrwlazlo/Desktop/studia/4semestr/SystemyWbudowane/lpc17xx_xpr_bb_140609/Lib_CMSISv1p30_LPC17xx/Debug/libCMSISv1p30_LPC17xx.a(system_LPC17xx.o)
 .debug_str     0x00014aea     0xa62e /Users/piotrwlazlo/Desktop/studia/4semestr/SystemyWbudowane/lpc17xx_xpr_bb_140609/Lib_EaBaseBoard/Debug/libLib_EaBaseBoard.a(oled.o)
 .debug_str     0x00014aea     0x3c93 /Users/piotrwlazlo/Desktop/studia/4semestr/SystemyWbudowane/lpc17xx_xpr_bb_140609/Lib_EaBaseBoard/Debug/libLib_EaBaseBoard.a(font5x7.o)
 .debug_str     0x00014aea     0x8e60 /Users/piotrwlazlo/Desktop/studia/4semestr/SystemyWbudowane/lpc17xx_xpr_bb_140609/Lib_MCU/Debug/libLib_MCU.a(lpc17xx_gpio.o)
 .debug_str     0x00014aea     0x8d87 /Users/piotrwlazlo/Desktop/studia/4semestr/SystemyWbudowane/lpc17xx_xpr_bb_140609/Lib_MCU/Debug/libLib_MCU.a(lpc17xx_pinsel.o)