../src/mscuser.c:56:10:MSC_Reset	4	static
../src/mscuser.c:70:10:MSC_GetMaxLUN	4	static
../src/mscuser.c:84:6:MSC_MemoryRead	16	static
../src/mscuser.c:121:6:MSC_MemoryWrite	16	static
../src/mscuser.c:153:6:MSC_MemoryVerify	16	static
../src/mscuser.c:187:10:MSC_RWSetup	16	static
../src/mscuser.c:222:10:DataInFormat	8	static
../src/mscuser.c:245:6:DataInTransfer	8	static
../src/mscuser.c:265:6:MSC_TestUnitReady	8	static
../src/mscuser.c:286:6:MSC_RequestSense	8	static
../src/mscuser.c:320:6:MSC_Inquiry	8	static
../src/mscuser.c:376:6:MSC_ModeSense6	8	static
../src/mscuser.c:396:6:MSC_ModeSense10	8	static
../src/mscuser.c:420:6:MSC_ReadCapacity	8	static
../src/mscuser.c:447:6:MSC_ReadFormatCapacity	8	static
../src/mscuser.c:479:6:MSC_GetCBW	16	static
../src/mscuser.c:579:6:MSC_SetCSW	8	static
../src/mscuser.c:593:6:MSC_BulkIn	8	static
../src/mscuser.c:623:6:MSC_BulkOut	8	static
